Topology {
    branches: {
        branch0: (
            Unnamed {
                hi: node0,
                lo: None,
            },
            BranchInfo {
                is_voltage_src: v1,
                voltage_src: Contribution {
                    unknown: Some(
                        v21,
                    ),
                    resist: v3,
                    react: v3,
                    resist_small_signal: v3,
                    react_small_signal: v3,
                    noise: [],
                },
                current_src: Contribution {
                    unknown: None,
                    resist: v44,
                    react: v3,
                    resist_small_signal: v59,
                    react_small_signal: v3,
                    noise: [
                        Noise {
                            name: Spur(2),
                            idx: 1,
                            kind: WhiteNoise {
                                pwr: v55,
                            },
                            factor: v6,
                            factor_react: v3,
                        },
                    ],
                },
            },
        ),
        branch1: (
            Unnamed {
                hi: node1,
                lo: None,
            },
            BranchInfo {
                is_voltage_src: v1,
                voltage_src: Contribution {
                    unknown: None,
                    resist: v3,
                    react: v3,
                    resist_small_signal: v3,
                    react_small_signal: v3,
                    noise: [],
                },
                current_src: Contribution {
                    unknown: None,
                    resist: v45,
                    react: v3,
                    resist_small_signal: v60,
                    react_small_signal: v3,
                    noise: [],
                },
            },
        ),
    },
    implicit_equations: {
        inode0: Contribution {
            unknown: Some(
                v46,
            ),
            resist: v50,
            react: v3,
            resist_small_signal: v61,
            react_small_signal: v3,
            noise: [
                Noise {
                    name: Spur(1),
                    idx: 0,
                    kind: WhiteNoise {
                        pwr: v54,
                    },
                    factor: v6,
                    factor_react: v3,
                },
            ],
        },
    },
    small_signal_vals: {
        v46,
    },
    contributes: {},
}