function %(v16, v17, v26, v32) {
    inst0 = fn %Warn[Console])(2) -> 0
    inst1 = const fn %white_noise(Spur(1))(1) -> 1
    v3 = fconst 0.0
    v6 = fconst 0x1.0000000000000p0
    v11 = fconst 0x1.0000000000000p1
    v19 = sconst "<DUMMY>"

                                block5:
@0006                               v18 = fge v17, v3
@0006                               br v18, block2, block3

                                block2:
@0006                               jmp block4

                                block3:
@0006                               call inst0(v19, v17)
@0006                               jmp block4

                                block4:
@0006                               v20 = phi [v17, block2], [v3, block3]
@0007                               v22 = fsub v3, v3
                                    v38 = fneg v6
@000f                               v27 = fdiv v26, v17
@0013                               v30 = fmul v11, v3
                                    v42 = fmul v11, v16
@0014                               v31 = fadd v27, v30
                                    v36 = optbarrier v22
                                    v39 = optbarrier v38
                                    v37 = optbarrier v31
                                    v40 = optbarrier v20
                                    v43 = optbarrier v16
                                    v44 = optbarrier v42
}
