Topology {
    branches: {
        branch0: (
            Named(
                BranchId(0),
            ),
            BranchInfo {
                is_voltage_src: v1,
                voltage_src: Contribution {
                    unknown: Some(
                        v26,
                    ),
                    resist: v3,
                    react: v3,
                    resist_small_signal: v3,
                    react_small_signal: v3,
                    noise: [],
                },
                current_src: Contribution {
                    unknown: Some(
                        v80,
                    ),
                    resist: v145,
                    react: v3,
                    resist_small_signal: v3,
                    react_small_signal: v3,
                    noise: [
                        Noise {
                            name: Spur(1),
                            idx: 0,
                            kind: WhiteNoise {
                                pwr: v288,
                            },
                            factor: v6,
                            factor_react: v3,
                        },
                    ],
                },
            },
        ),
        branch1: (
            Named(
                BranchId(1),
            ),
            BranchInfo {
                is_voltage_src: v1,
                voltage_src: Contribution {
                    unknown: Some(
                        v26,
                    ),
                    resist: v3,
                    react: v3,
                    resist_small_signal: v3,
                    react_small_signal: v3,
                    noise: [],
                },
                current_src: Contribution {
                    unknown: None,
                    resist: v182,
                    react: v3,
                    resist_small_signal: v303,
                    react_small_signal: v3,
                    noise: [],
                },
            },
        ),
        branch2: (
            Named(
                BranchId(2),
            ),
            BranchInfo {
                is_voltage_src: v1,
                voltage_src: Contribution {
                    unknown: Some(
                        v26,
                    ),
                    resist: v3,
                    react: v3,
                    resist_small_signal: v3,
                    react_small_signal: v3,
                    noise: [],
                },
                current_src: Contribution {
                    unknown: None,
                    resist: v219,
                    react: v290,
                    resist_small_signal: v3,
                    react_small_signal: v304,
                    noise: [],
                },
            },
        ),
        branch3: (
            Unnamed {
                hi: node0,
                lo: Some(
                    node1,
                ),
            },
            BranchInfo {
                is_voltage_src: v1,
                voltage_src: Contribution {
                    unknown: None,
                    resist: v3,
                    react: v3,
                    resist_small_signal: v3,
                    react_small_signal: v3,
                    noise: [],
                },
                current_src: Contribution {
                    unknown: None,
                    resist: v247,
                    react: v291,
                    resist_small_signal: v3,
                    react_small_signal: v305,
                    noise: [],
                },
            },
        ),
        branch4: (
            Unnamed {
                hi: node0,
                lo: Some(
                    node2,
                ),
            },
            BranchInfo {
                is_voltage_src: v1,
                voltage_src: Contribution {
                    unknown: None,
                    resist: v3,
                    react: v3,
                    resist_small_signal: v3,
                    react_small_signal: v3,
                    noise: [],
                },
                current_src: Contribution {
                    unknown: None,
                    resist: v266,
                    react: v292,
                    resist_small_signal: v3,
                    react_small_signal: v306,
                    noise: [],
                },
            },
        ),
        branch5: (
            Unnamed {
                hi: node2,
                lo: Some(
                    node1,
                ),
            },
            BranchInfo {
                is_voltage_src: v1,
                voltage_src: Contribution {
                    unknown: None,
                    resist: v3,
                    react: v3,
                    resist_small_signal: v3,
                    react_small_signal: v3,
                    noise: [],
                },
                current_src: Contribution {
                    unknown: None,
                    resist: v273,
                    react: v3,
                    resist_small_signal: v295,
                    react_small_signal: v3,
                    noise: [
                        Noise {
                            name: Spur(4),
                            idx: 1,
                            kind: WhiteNoise {
                                pwr: v289,
                            },
                            factor: v6,
                            factor_react: v3,
                        },
                    ],
                },
            },
        ),
    },
    implicit_equations: {},
    small_signal_vals: {
        v80,
        v26,
    },
    contributes: {},
}