function %(v16, v17, v25, v30, v36, v47, v62, v72, v77, v79, v81, v94, v97) {
    inst0 = const fn %white_noise(Spur(1))(1) -> 1
    inst1 = const fn %ddt(1) -> 1
    inst2 = fn %Fatal[Console])(2) -> 0
    inst3 = fn %SetRetFlag[abort](0) -> 0
    inst4 = const fn %white_noise(Spur(3))(1) -> 1
    v3 = fconst 0.0
    v6 = fconst 0x1.0000000000000p0
    v38 = sconst "<DUMMY>"
    v41 = fconst 0x1.0000000000000p-1

                                block17:
@0005                               v18 = fdiv v16, v17
@0006                               v19 = fgt v18, v3
@0006                               br v19, block2, block3

                                block2:
@0006                               jmp block4

                                block3:
@0006                               jmp block4

                                block4:
@0006                               v20 = phi [v18, block2], [v3, block3]
@000c                               v26 = fdiv v3, v17
                                    v301 = fdiv v25, v17
@0012                               v31 = fmul v30, v3
                                    v300 = fmul v30, v25
@0018                               v37 = fge v36, v3
@0018                               br v37, block5, block6

                                block5:
@0018                               jmp block7

                                block6:
@0018                               call inst2(v38, v36)
@0018                               call inst3()
@0018                               jmp block7

                                block7:
@0018                               v39 = phi [v36, block5], [v3, block6]
@0018                               v40 = sqrt v39
@001a                               v42 = fmul v40, v41
@001c                               v43 = fmul v42, v30
@001f                               v44 = fmul v43, v3
                                    v298 = fmul v43, v25
@0021                               v46 = fneg v3
                                    v273 = fneg v44
                                    v299 = fneg v298
@0026                               br v37, block8, block9

                                block8:
@0026                               jmp block10

                                block9:
@0026                               call inst2(v38, v36)
@0026                               call inst3()
@0026                               jmp block10

                                block10:
@0026                               v55 = phi [v36, block8], [v3, block9]
@0026                               v56 = sqrt v55
@0028                               v57 = fmul v56, v41
@002a                               v58 = fmul v57, v30
@002d                               v59 = fmul v58, v3
                                    v296 = fmul v58, v25
@002f                               v61 = fneg v3
                                    v274 = fneg v59
                                    v297 = fneg v296
@0035                               br v37, block11, block12

                                block11:
@0035                               jmp block13

                                block12:
@0035                               call inst2(v38, v36)
@0035                               call inst3()
@0035                               jmp block13

                                block13:
@0035                               v74 = phi [v36, block11], [v3, block12]
@0035                               v75 = sqrt v74
@0036                               v76 = fmul v72, v75
@0038                               v78 = fmul v76, v77
@003b                               v80 = fmul v78, v3
                                    v293 = fmul v78, v79
@0041                               v95 = fmul v36, v94
@0043                               v96 = fmul v95, v94
@0047                               v98 = fmul v97, v97
@0048                               v99 = fsub v6, v98
@0049                               v100 = fmul v96, v99
@004a                               v101 = fgt v100, v3
@004a                               br v101, block14, block15

                                block14:
@004a                               jmp block16

                                block15:
@004a                               jmp block16

                                block16:
@004a                               v102 = phi [v100, block14], [v3, block15]
                                    v107 = fadd v80, v3
                                    v144 = optbarrier v3
                                    v181 = optbarrier v26
                                    v218 = optbarrier v3
                                    v246 = optbarrier v46
                                    v265 = optbarrier v61
                                    v272 = optbarrier v107
                                    v287 = optbarrier v20
                                    v288 = optbarrier v102
                                    v289 = optbarrier v31
                                    v290 = optbarrier v273
                                    v291 = optbarrier v274
                                    v294 = optbarrier v293
                                    v302 = optbarrier v301
                                    v303 = optbarrier v300
                                    v304 = optbarrier v299
                                    v305 = optbarrier v297
}
