Topology {
    branches: {
        branch0: (
            Named(
                BranchId(0),
            ),
            BranchInfo {
                is_voltage_src: v1,
                voltage_src: Contribution {
                    unknown: Some(
                        v25,
                    ),
                    resist: v3,
                    react: v3,
                    resist_small_signal: v3,
                    react_small_signal: v3,
                    noise: [],
                },
                current_src: Contribution {
                    unknown: Some(
                        v79,
                    ),
                    resist: v144,
                    react: v3,
                    resist_small_signal: v3,
                    react_small_signal: v3,
                    noise: [
                        Noise {
                            name: Spur(1),
                            idx: 0,
                            kind: WhiteNoise {
                                pwr: v281,
                            },
                            factor: v6,
                            factor_react: v3,
                        },
                    ],
                },
            },
        ),
        branch1: (
            Named(
                BranchId(1),
            ),
            BranchInfo {
                is_voltage_src: v1,
                voltage_src: Contribution {
                    unknown: Some(
                        v25,
                    ),
                    resist: v3,
                    react: v3,
                    resist_small_signal: v3,
                    react_small_signal: v3,
                    noise: [],
                },
                current_src: Contribution {
                    unknown: None,
                    resist: v181,
                    react: v3,
                    resist_small_signal: v296,
                    react_small_signal: v3,
                    noise: [],
                },
            },
        ),
        branch2: (
            Named(
                BranchId(2),
            ),
            BranchInfo {
                is_voltage_src: v1,
                voltage_src: Contribution {
                    unknown: Some(
                        v25,
                    ),
                    resist: v3,
                    react: v3,
                    resist_small_signal: v3,
                    react_small_signal: v3,
                    noise: [],
                },
                current_src: Contribution {
                    unknown: None,
                    resist: v218,
                    react: v283,
                    resist_small_signal: v3,
                    react_small_signal: v297,
                    noise: [],
                },
            },
        ),
        branch3: (
            Unnamed {
                hi: node0,
                lo: Some(
                    node1,
                ),
            },
            BranchInfo {
                is_voltage_src: v1,
                voltage_src: Contribution {
                    unknown: None,
                    resist: v3,
                    react: v3,
                    resist_small_signal: v3,
                    react_small_signal: v3,
                    noise: [],
                },
                current_src: Contribution {
                    unknown: None,
                    resist: v246,
                    react: v284,
                    resist_small_signal: v3,
                    react_small_signal: v298,
                    noise: [],
                },
            },
        ),
        branch4: (
            Unnamed {
                hi: node0,
                lo: Some(
                    node2,
                ),
            },
            BranchInfo {
                is_voltage_src: v1,
                voltage_src: Contribution {
                    unknown: None,
                    resist: v3,
                    react: v3,
                    resist_small_signal: v3,
                    react_small_signal: v3,
                    noise: [],
                },
                current_src: Contribution {
                    unknown: None,
                    resist: v265,
                    react: v285,
                    resist_small_signal: v3,
                    react_small_signal: v299,
                    noise: [],
                },
            },
        ),
        branch5: (
            Unnamed {
                hi: node2,
                lo: Some(
                    node1,
                ),
            },
            BranchInfo {
                is_voltage_src: v1,
                voltage_src: Contribution {
                    unknown: None,
                    resist: v3,
                    react: v3,
                    resist_small_signal: v3,
                    react_small_signal: v3,
                    noise: [],
                },
                current_src: Contribution {
                    unknown: None,
                    resist: v266,
                    react: v3,
                    resist_small_signal: v288,
                    react_small_signal: v3,
                    noise: [
                        Noise {
                            name: Spur(3),
                            idx: 1,
                            kind: WhiteNoise {
                                pwr: v282,
                            },
                            factor: v6,
                            factor_react: v3,
                        },
                    ],
                },
            },
        ),
    },
    implicit_equations: {},
    small_signal_vals: {
        v79,
        v25,
    },
    contributes: {},
}