function %(v16, v17, v26, v31, v37, v48, v63, v73, v78, v80, v82, v95, v98) {
    inst0 = fn %Warn[Console])(2) -> 0
    inst1 = const fn %white_noise(Spur(1))(1) -> 1
    inst2 = const fn %ddt(1) -> 1
    inst3 = fn %Fatal[Console])(2) -> 0
    inst4 = fn %SetRetFlag[abort](0) -> 0
    inst5 = const fn %white_noise(Spur(4))(1) -> 1
    v3 = fconst 0.0
    v6 = fconst 0x1.0000000000000p0
    v20 = sconst "<DUMMY>"
    v39 = sconst "<DUMMY>"
    v42 = fconst 0x1.0000000000000p-1

                                block17:
@0005                               v18 = fdiv v16, v17
@0006                               v19 = fge v18, v3
@0006                               br v19, block2, block3

                                block2:
@0006                               jmp block4

                                block3:
@0006                               call inst0(v20, v18)
@0006                               jmp block4

                                block4:
@0006                               v21 = phi [v18, block2], [v3, block3]
@000c                               v27 = fdiv v3, v17
                                    v302 = fdiv v26, v17
@0012                               v32 = fmul v31, v3
                                    v301 = fmul v31, v26
@0018                               v38 = fge v37, v3
@0018                               br v38, block5, block6

                                block5:
@0018                               jmp block7

                                block6:
@0018                               call inst3(v39, v37)
@0018                               call inst4()
@0018                               jmp block7

                                block7:
@0018                               v40 = phi [v37, block5], [v3, block6]
@0018                               v41 = sqrt v40
@001a                               v43 = fmul v41, v42
@001c                               v44 = fmul v43, v31
@001f                               v45 = fmul v44, v3
                                    v299 = fmul v44, v26
@0021                               v47 = fneg v3
                                    v274 = fneg v45
                                    v300 = fneg v299
@0026                               br v38, block8, block9

                                block8:
@0026                               jmp block10

                                block9:
@0026                               call inst3(v39, v37)
@0026                               call inst4()
@0026                               jmp block10

                                block10:
@0026                               v56 = phi [v37, block8], [v3, block9]
@0026                               v57 = sqrt v56
@0028                               v58 = fmul v57, v42
@002a                               v59 = fmul v58, v31
@002d                               v60 = fmul v59, v3
                                    v297 = fmul v59, v26
@002f                               v62 = fneg v3
                                    v275 = fneg v60
                                    v298 = fneg v297
@0035                               br v38, block11, block12

                                block11:
@0035                               jmp block13

                                block12:
@0035                               call inst3(v39, v37)
@0035                               call inst4()
@0035                               jmp block13

                                block13:
@0035                               v75 = phi [v37, block11], [v3, block12]
@0035                               v76 = sqrt v75
@0036                               v77 = fmul v73, v76
@0038                               v79 = fmul v77, v78
@003b                               v81 = fmul v79, v3
                                    v294 = fmul v79, v80
@0041                               v96 = fmul v37, v95
@0043                               v97 = fmul v96, v95
@0047                               v99 = fmul v98, v98
@0048                               v100 = fsub v6, v99
@0049                               v101 = fmul v97, v100
@004a                               v102 = fge v101, v3
@004a                               br v102, block14, block15

                                block14:
@004a                               jmp block16

                                block15:
@004a                               call inst0(v20, v101)
@004a                               jmp block16

                                block16:
@004a                               v103 = phi [v101, block14], [v3, block15]
                                    v108 = fadd v81, v3
                                    v145 = optbarrier v3
                                    v182 = optbarrier v27
                                    v219 = optbarrier v3
                                    v247 = optbarrier v47
                                    v266 = optbarrier v62
                                    v273 = optbarrier v108
                                    v288 = optbarrier v21
                                    v289 = optbarrier v103
                                    v290 = optbarrier v32
                                    v291 = optbarrier v274
                                    v292 = optbarrier v275
                                    v295 = optbarrier v294
                                    v303 = optbarrier v302
                                    v304 = optbarrier v301
                                    v305 = optbarrier v300
                                    v306 = optbarrier v298
}
