function %_init(v17, v18, v25, v29, v27, v55, v32, v34, v49, v36, v51, v64) {
    inst0 = fn %Fatal[Console])(2) -> 0
    inst1 = fn %collapse_node3_Some(node1)(0) -> 0
    inst2 = fn %collapse_node2_None(0) -> 0
    // v1 = bconst false
    // v2 = bconst true
    v3 = fconst 0.0
    v6 = fconst 0x1.0000000000000p0
    v7 = fconst -0x1.0000000000000p0
    v14 = fconst 0x1.8000000000000p1
    v44 = sconst "<DUMMY>"

                                block35:
@0003                               v16 = fgt v17, v18
@0052                               v35 = fdiv v7, v36
@0052                               v37 = floor v35
@0052                               v38 = fne v37, v35
@0052                               v39 = iand v1, v38
@0052                               v40 = flt v35, v3
@0052                               v41 = iand v1, v40
@0052                               v42 = ior v39, v41
@0052                               v43 = inot v42
@0052                               br v43, block10, block9

                                block9:
@0052                               call inst0(v44, v14)
@0052                               jmp block10

                                block10:
@0052                               v45 = phi [v6, block9], [v14, block35]
@0053                               v46 = pow v45, v35
@0054                               v47 = fsub v6, v46
@0058                               v48 = fmul v49, v47
                                    v73 = optbarrier v48
                                    v54 = fgt v55, v18
@0098                               br v54, block25, block24

                                block24:
                                    call inst1()
@00a8                               jmp block25

                                block25:
                                    v56 = phi [v6, block10], [v3, block24]
@00ac                               br v16, block31, block30

                                block30:
@00c7                               call inst2()
@00cc                               jmp block31

                                block31:
                                    v58 = phi [v1, block25], [v2, block30]
                                    v74 = optbarrier v58
                                    v60 = optbarrier v56
                                    v63 = sqrt v64
                                    v76 = optbarrier v63
                                    v65 = fmul v60, v63
                                    v77 = optbarrier v65
                                    br v58, block36, block37

                                block36:
                                    jmp block37

                                block37:
                                    v67 = phi [v6, block31], [v3, block36]
                                    v68 = fsub v3, v67
                                    v75 = optbarrier v68
}
