{
    v35: cslot0,
    v36: cslot1,
    v37: cslot2,
    v38: cslot3,
}
{
    cslot0: (
        (
            Some(ClassId(2)),
            0,
        ),
        Real,
    ),
    cslot1: (
        (
            Some(ClassId(8)),
            0,
        ),
        Real,
    ),
    cslot2: (
        (
            Some(ClassId(10)),
            0,
        ),
        Real,
    ),
    cslot3: (
        (
            Some(ClassId(12)),
            0,
        ),
        Real,
    ),
}