{
    v36: cslot0,
    v37: cslot1,
    v38: cslot2,
    v39: cslot3,
}
{
    cslot0: (
        (
            Some(ClassId(2)),
            0,
        ),
        Real,
    ),
    cslot1: (
        (
            Some(ClassId(9)),
            0,
        ),
        Real,
    ),
    cslot2: (
        (
            Some(ClassId(11)),
            0,
        ),
        Real,
    ),
    cslot3: (
        (
            Some(ClassId(13)),
            0,
        ),
        Real,
    ),
}