t01_asgpattern             rc=0   
t02_concat                 rc=0   warning: bit-level concatenation is 128 bits wide; an `integer` keeps the low 32
t03_strescape              rc=0   
t04_rdist_paramset         rc=65  error: type mismatch: expected integer variable reference or integer parameter ref but found integer literal
t04b_arandom               rc=0   
t05_bitops                 rc=0   
t06_escaped                rc=0   
t07_instarray              rc=0   warning[L018]: module name 'res' is ngspice's `.model` type keyword for the built-in Resistor
t08_natures                rc=0   
t09_ground_init            rc=65  error: unexpected token ','; expected '(', ''{', '{', system function identifier, identifier, 
t10_macromodule            rc=65  error: unexpected token identifier; expected 'discipline', 'nature' or 'module'
t11_vecports               rc=65  error: concatenation connected to port 'in' has 5 net(s) but the port is 8 bits wide
t12_params                 rc=65  error: instance 'g1' of module 'gainblk' connects 2 port(s) but 'gainblk' declares 0 ()
t13_strparam               rc=0   
t14_paramsets              rc=0   
t15_namedblock             rc=0   
t16_arrayassign            rc=0   
t16b_arraymismatch         rc=65  error: type mismatch: expected integer[0:10] value but found integer[0:24] value
t17_loops                  rc=0   
t18_vecbranch              rc=65  error: unexpected token '['; expected ',' or ';'
t18b_portbranch            rc=65  error: unexpected token '['; expected ',' or ';'
t18c_portbranch_V          rc=65  error: access of port-branch potential
t19_genericaccess          rc=0   warning[L023]: in module `m`: branch `(p,n)` is probe-only and shorts `b`
t19b_hierbranch            rc=65  error: 'd1__x' was not found in the current scope
t20_indirect_ddt           rc=0   
t21_retention              rc=0   warning[L022]: branch (p,n) is contributed as both a potential and a flow source
t22_switch                 rc=0   warning[L018]: module name 'resistor' collides with ngspice's built-in 'Resistor' device
t23_operators              rc=0   
t24_math                   rc=0   
t25_functions              rc=0   
t25b_badoutarg             rc=65  error: type mismatch: invalid function arguments
t26_table                  rc=65  error: reserved keyword 'table' was used as an identifier
t26b_table_colon           rc=65  error: unsupported $table_model control string "1LL,1LL:2"
t26c_table_ID              rc=0   
t27_smallsignal            rc=0   
t28_filters                rc=0   
t28b_nullarg               rc=0   
t29_events                 rc=65  error: unexpected token identifier; expected ')'
t30_runtime                rc=0   warning[L018]: module name 'diode' collides with ngspice's built-in 'Diode' device
t31_io                     rc=65  error: $fscanf: the format contains the literal character ',', which the scanner cannot match: it splits the i
t32_generate               rc=0   warning[L018]: module name 'resistor' collides with ngspice's built-in 'Resistor' device
t32b_gen_paramcond         rc=65  error: generate if: the condition ('$param_given(coeff1) && coeff1 != 0.0') must be an elaboration-time consta
t32c_genvar_analog         rc=65  error: genvar for loop `k`: the loop condition is not a compile-time constant integer
t32d_gen_case_names        rc=65  error: generate case: the case expression ('sel') must be an elaboration-time constant (integer literals and g
t33_attributes             rc=65  error: instance 'r3' of module 'rheat' connects 1 port(s) but 'rheat' declares 3 (p, n, dt)
t34_directives             rc=0   
t35_spiceprim              rc=65  error: instance 'vsrct' refers to module 'vsine', which is not defined anywhere in this compilation unit
t36_int_keyword            rc=65  error: 'int' was not found in the current scope
t37_root_hier              rc=0   
t38_initial_display        rc=0   
t39_string_ops             rc=0   
u01_netinit_scalar         rc=0   
u02_netinit_vec            rc=0   
u03_ground_disc            rc=0   
u04_ground_vec             rc=0   
u05_hdrparam_ansi          rc=65  error: unexpected token '#'; expected ';'
u06_hdrparam_nonansi       rc=65  error: unexpected token '#'; expected ';'
u07_ps_samename            rc=0   
u08_ps_of_ps               rc=0   
u09_ps_mfactor             rc=0   
u10_ps_hierref             rc=0   
u11_ps_outvar              rc=0   
u12_ps_resolution          rc=0   
u14_rdist_litseed          rc=65  error: type mismatch: expected integer variable reference or integer parameter ref but found integer literal
u15_rdist_in_ps            rc=65  error: random draw '$rdist_normal' is not allowed in constants
u16_portbranch_scalar      rc=0   
u17_hier_readbranch        rc=0   
u18_hier_contrib_branch    rc=0   
u19_hier_branchkw          rc=65  error: 'd1__x' was not found in the current scope
u20_hier_mixednet          rc=65  error: 'd1__y' was not found in the current scope
u21_table_paramctl         rc=65  error: the $table_model control string must be a compile-time constant string
u22_table_1darrays         rc=0   
u23_table_2darray          rc=0   
u23b_table_pattern         rc=0   
u24_ctl_D                  rc=0   
u25_ctl_I                  rc=0   
u26_ctl_CC                 rc=0   
u27_ctl_spline             rc=0   
u28_ctl_E                  rc=0   
u28b_ctl_sel               rc=0   
u28c_ctl_empty             rc=0   
u29_ev_or                  rc=0   
u29b_ev_OR                 rc=65  error: unexpected token identifier; expected ')'
u30_timer4                 rc=0   
u31_cross5_above4          rc=0   warning: @(cross): the time tolerance is accepted but not honored
u32_io_rest                rc=0   warning[L026]: $display: this format string is not a literal, so it is printed rather than interpreted
u33_case_generate          rc=0   
u34_if_generate_lp         rc=0   
u34b_if_generate_named     rc=0   
u35_genvar_literal         rc=0   
u36_forgen_hier            rc=0   
u37_attr_places            rc=0   
u38_attr_portconn          rc=65  error: instance 'r3' of module 'r' connects 1 port(s) but 'r' declares 2 (p, n)
u39_bitconcat              rc=0   
u40_bitrepl                rc=0   warning: bit-level concatenation is 128 bits wide; an `integer` keeps the low 32
u42_portslice              rc=0   
u42b_portslice2            rc=65  error: concatenation connected to port 'in' has 5 net(s) but the port is 8 bits wide
u43_last_crossing          rc=0   
u44_idt_nature             rc=0   
w01_gen_literal            rc=0   
w02_gen_lp_noblock         rc=0   
w03_ps_alias               rc=0   
w04_override_forms         rc=0   
w05_hier_childnet_read     rc=0   
w06_hier_childport_read    rc=65  error: 'u1__p' was not found in the current scope
w07_macromodule2           rc=65  error: unexpected token identifier; expected 'discipline', 'nature' or 'module'
w08_defparam_mfactor       rc=65  error: defparam target(s) did not resolve to any parameter: g3.
value retention: v(a) = 7.000000e+00
