  PASS  res bcs: Rparasitic R=100  [ngspice 0.1 V (gnucap 0.20595: its $simparam tnom, see hunt L1)]
  PASS  res wcs: rsil/rppd/rhigh  [ngspice ['0.0261429', '0.436774', '4.63242'] gnucap ['0.026143', '0.43677', '4.6324'] maxrel 1.0e-05]
  PASS  res wcs: Rparasitic R=100  [ngspice 0.1 V (gnucap 0.20595: its $simparam tnom, see hunt L1)]
capacitors: cutoff (cmim, rfcmim), cmomi, cmomf
  PASS  cap cutoff typ: cmim 10u x 70u  [C1 1.05671e-12 F vs gnucap 1.05672e-12 F]
  PASS  cap cutoff typ: rfcmim 10u x 70u (RLC network)  [C2 1.05671e-12 F vs gnucap 1.05671e-12 F]
  PASS  cap cutoff bcs: cmim 10u x 70u  [C1 9.51684e-13 F vs gnucap 9.51686e-13 F]
  PASS  cap cutoff bcs: rfcmim 10u x 70u (RLC network)  [C2 9.51679e-13 F vs gnucap 9.51676e-13 F]
  PASS  cap cutoff wcs: cmim 10u x 70u  [C1 1.16175e-12 F vs gnucap 1.16175e-12 F]
  PASS  cap cutoff wcs: rfcmim 10u x 70u (RLC network)  [C2 1.16174e-12 F vs gnucap 1.16174e-12 F]
  PASS  cap cmomi 5u x 5u M1..M5  [C1 2.61664e-14 F vs gnucap 2.61664e-14 F]
  PASS  cap cmomf 5u x 5u M1..M5  [C1 3.9812e-14 F vs gnucap 3.9812e-14 F]
MOS inverters: dc transfer, 61 points, 5 corners x {lv,hv} x {psp, psp_nqs}
  PASS  inv lv tt  [Vin >= 0.6: max|dV(out)| 4.3e-06 V, max rel dI(vdd) 3.9e-04; Vin < 0.6: max|dV| 3.1e-03 V, gnucap I(vdd) -4.03e-08 A at Vin=0 vs ours -6.07e-11]
  PASS  inv lv tt rf  [Vin >= 0.6: max|dV(out)| 4.3e-06 V, max rel dI(vdd) 1.1e-04; Vin < 0.6: max|dV| 4.4e-01 V, gnucap I(vdd) -1.01e-05 A at Vin=0 vs ours -6.07e-11]
  PASS  inv lv ss  [Vin >= 0.6: max|dV(out)| 1.2e-05 V, max rel dI(vdd) 1.6e-04; Vin < 0.6: max|dV| 5.2e-03 V, gnucap I(vdd) -4.03e-08 A at Vin=0 vs ours -8.35e-12]
  PASS  inv lv ss rf  [Vin >= 0.6: max|dV(out)| 1.2e-05 V, max rel dI(vdd) 5.4e-04; Vin < 0.6: max|dV| 5.7e-01 V, gnucap I(vdd) -1.01e-05 A at Vin=0 vs ours -8.35e-12]
  PASS  inv lv ff  [Vin >= 0.6: max|dV(out)| 1.8e-06 V, max rel dI(vdd) 1.1e-04; Vin < 0.6: max|dV| 2.3e-03 V, gnucap I(vdd) -4.06e-08 A at Vin=0 vs ours -4.36e-10]
  PASS  inv lv ff rf  [Vin >= 0.6: max|dV(out)| 1.8e-06 V, max rel dI(vdd) 4.9e-04; Vin < 0.6: max|dV| 3.0e-01 V, gnucap I(vdd) -1.01e-05 A at Vin=0 vs ours -4.36e-10]
  PASS  inv lv sf  [Vin >= 0.6: max|dV(out)| 3.1e-05 V, max rel dI(vdd) 1.0e-04; Vin < 0.6: max|dV| 2.3e-03 V, gnucap I(vdd) -4.03e-08 A at Vin=0 vs ours -2.93e-11]
  PASS  inv lv sf rf  [Vin >= 0.6: max|dV(out)| 3.1e-05 V, max rel dI(vdd) 1.0e-04; Vin < 0.6: max|dV| 2.3e-03 V, gnucap I(vdd) -4.03e-08 A at Vin=0 vs ours -2.93e-11]
  PASS  inv lv fs  [Vin >= 0.6: max|dV(out)| 8.2e-07 V, max rel dI(vdd) 5.6e-04; Vin < 0.6: max|dV| 3.2e-03 V, gnucap I(vdd) -4.04e-08 A at Vin=0 vs ours -1.53e-10]
  PASS  inv lv fs rf  [Vin >= 0.6: max|dV(out)| 8.2e-07 V, max rel dI(vdd) 1.6e-04; Vin < 0.6: max|dV| 1.0e-03 V, gnucap I(vdd) 0.00e+00 A at Vin=0 vs ours -1.53e-10]
  PASS  inv hv tt  [Vin >= 0.6: max|dV(out)| 2.5e-05 V, max rel dI(vdd) 2.1e-04; Vin < 0.6: max|dV| 7.0e-04 V, gnucap I(vdd) 0.00e+00 A at Vin=0 vs ours -1.24e-12]
  PASS  inv hv tt rf  [Vin >= 0.6: max|dV(out)| 2.5e-05 V, max rel dI(vdd) 2.1e-04; Vin < 0.6: max|dV| 4.2e-05 V, gnucap I(vdd) 0.00e+00 A at Vin=0 vs ours -1.24e-12]
  PASS  inv hv ss  [Vin >= 0.6: max|dV(out)| 1.0e-04 V, max rel dI(vdd) 0.0e+00; Vin < 0.6: max|dV| 1.5e-04 V, gnucap I(vdd) 0.00e+00 A at Vin=0 vs ours -1.21e-12]
  PASS  inv hv ss rf  [Vin >= 0.6: max|dV(out)| 1.0e-04 V, max rel dI(vdd) 0.0e+00; Vin < 0.6: max|dV| 1.5e-04 V, gnucap I(vdd) 0.00e+00 A at Vin=0 vs ours -1.21e-12]
  PASS  inv hv ff  [Vin >= 0.6: max|dV(out)| 2.2e-05 V, max rel dI(vdd) 1.2e-04; Vin < 0.6: max|dV| 8.0e-04 V, gnucap I(vdd) 0.00e+00 A at Vin=0 vs ours -1.50e-12]
  PASS  inv hv ff rf  [Vin >= 0.6: max|dV(out)| 2.2e-05 V, max rel dI(vdd) 1.2e-04; Vin < 0.6: max|dV| 8.0e-04 V, gnucap I(vdd) 0.00e+00 A at Vin=0 vs ours -1.50e-12]
  PASS  inv hv sf  [Vin >= 0.6: max|dV(out)| 4.0e-04 V, max rel dI(vdd) 2.5e-04; Vin < 0.6: max|dV| 4.5e-05 V, gnucap I(vdd) 0.00e+00 A at Vin=0 vs ours -1.22e-12]
  PASS  inv hv sf rf  [Vin >= 0.6: max|dV(out)| 4.0e-04 V, max rel dI(vdd) 2.5e-04; Vin < 0.6: max|dV| 4.5e-05 V, gnucap I(vdd) 0.00e+00 A at Vin=0 vs ours -1.22e-12]
  PASS  inv hv fs  [Vin >= 0.6: max|dV(out)| 2.4e-06 V, max rel dI(vdd) 4.1e-05; Vin < 0.6: max|dV| 3.6e-04 V, gnucap I(vdd) 0.00e+00 A at Vin=0 vs ours -1.31e-12]
  PASS  inv hv fs rf  [Vin >= 0.6: max|dV(out)| 2.4e-06 V, max rel dI(vdd) 4.1e-05; Vin < 0.6: max|dV| 8.1e-05 V, gnucap I(vdd) 0.00e+00 A at Vin=0 vs ours -1.31e-12]
MOS Id-Vd: vd 0..1.2 x vg 0.2..1.2, ng 1..4, nmos/pmos, {lv,hv}, {psp, psp_nqs}
  PASS  idvd lv nmos ng1  [366 pts, max rel dI 9.8e-04 above 1e-3 Imax, max |dI| 6.1e-11 A below; Id(end) -8.55603e-05 vs -8.5558e-05]
  PASS  idvd lv nmos ng1 rf  [366 pts, max rel dI 9.8e-04 above 1e-3 Imax, max |dI| 6.1e-11 A below; Id(end) -8.55603e-05 vs -8.5558e-05]
  PASS  idvd lv nmos ng2  [366 pts, max rel dI 9.8e-04 above 1e-3 Imax, max |dI| 3.0e-11 A below; Id(end) -0.000171121 vs -0.00017112]
  PASS  idvd lv nmos ng2 rf  [366 pts, max rel dI 9.8e-04 above 1e-3 Imax, max |dI| 3.0e-11 A below; Id(end) -0.000171121 vs -0.00017112]
  PASS  idvd lv nmos ng3  [366 pts, max rel dI 9.8e-04 above 1e-3 Imax, max |dI| 2.4e-11 A below; Id(end) -0.000256681 vs -0.00025667]
  PASS  idvd lv nmos ng3 rf  [366 pts, max rel dI 9.8e-04 above 1e-3 Imax, max |dI| 2.4e-11 A below; Id(end) -0.000256681 vs -0.00025667]
  PASS  idvd lv nmos ng4  [366 pts, max rel dI 9.8e-04 above 1e-3 Imax, max |dI| 3.4e-11 A below; Id(end) -0.000342241 vs -0.00034223]
  PASS  idvd lv nmos ng4 rf  [366 pts, max rel dI 9.8e-04 above 1e-3 Imax, max |dI| 3.4e-11 A below; Id(end) -0.000342241 vs -0.00034223]
  PASS  idvd lv pmos ng1  [366 pts, max rel dI 9.8e-04 above 1e-3 Imax, max |dI| 7.3e-10 A below; Id(end) 2.6717e-05 vs 2.6716e-05]
  PASS  idvd lv pmos ng1 rf  [366 pts, max rel dI 9.8e-04 above 1e-3 Imax, max |dI| 7.3e-10 A below; Id(end) 2.6717e-05 vs 2.6716e-05]
  PASS  idvd lv pmos ng2  [366 pts, max rel dI 9.8e-04 above 1e-3 Imax, max |dI| 1.5e-09 A below; Id(end) 5.34341e-05 vs 5.3433e-05]
  PASS  idvd lv pmos ng2 rf  [366 pts, max rel dI 9.8e-04 above 1e-3 Imax, max |dI| 1.5e-09 A below; Id(end) 5.34341e-05 vs 5.3433e-05]
  PASS  idvd lv pmos ng3  [366 pts, max rel dI 9.6e-04 above 1e-3 Imax, max |dI| 2.2e-09 A below; Id(end) 8.01511e-05 vs 8.0149e-05]
  PASS  idvd lv pmos ng3 rf  [366 pts, max rel dI 9.6e-04 above 1e-3 Imax, max |dI| 2.2e-09 A below; Id(end) 8.01511e-05 vs 8.0149e-05]
  PASS  idvd lv pmos ng4  [366 pts, max rel dI 9.7e-04 above 1e-3 Imax, max |dI| 2.9e-09 A below; Id(end) 0.000106868 vs 0.00010687]
  PASS  idvd lv pmos ng4 rf  [366 pts, max rel dI 9.7e-04 above 1e-3 Imax, max |dI| 2.9e-09 A below; Id(end) 0.000106868 vs 0.00010687]
  PASS  idvd hv nmos ng1  [366 pts, max rel dI 1.0e-03 above 1e-3 Imax, max |dI| 5.9e-10 A below; Id(end) -2.11466e-05 vs -2.1146e-05]
  PASS  idvd hv nmos ng1 rf  [366 pts, max rel dI 9.6e-04 above 1e-3 Imax, max |dI| 5.9e-10 A below; Id(end) -2.11466e-05 vs -2.1146e-05]
  PASS  idvd hv nmos ng2  [366 pts, max rel dI 9.1e-04 above 1e-3 Imax, max |dI| 1.2e-09 A below; Id(end) -4.22933e-05 vs -4.2292e-05]
  PASS  idvd hv nmos ng2 rf  [366 pts, max rel dI 7.8e-04 above 1e-3 Imax, max |dI| 1.2e-09 A below; Id(end) -4.22933e-05 vs -4.2292e-05]
  PASS  idvd hv nmos ng3  [366 pts, max rel dI 9.1e-04 above 1e-3 Imax, max |dI| 1.8e-09 A below; Id(end) -6.34399e-05 vs -6.3439e-05]
  PASS  idvd hv nmos ng3 rf  [366 pts, max rel dI 7.9e-04 above 1e-3 Imax, max |dI| 1.8e-09 A below; Id(end) -6.34399e-05 vs -6.3439e-05]
  PASS  idvd hv nmos ng4  [366 pts, max rel dI 9.2e-04 above 1e-3 Imax, max |dI| 2.4e-09 A below; Id(end) -8.45865e-05 vs -8.4585e-05]
  PASS  idvd hv nmos ng4 rf  [366 pts, max rel dI 8.0e-04 above 1e-3 Imax, max |dI| 2.4e-09 A below; Id(end) -8.45865e-05 vs -8.4585e-05]
  PASS  idvd hv pmos ng1  [366 pts, max rel dI 9.8e-04 above 1e-3 Imax, max |dI| 1.4e-09 A below; Id(end) 7.30378e-06 vs 7.3036e-06]
  PASS  idvd hv pmos ng1 rf  [366 pts, max rel dI 8.6e-04 above 1e-3 Imax, max |dI| 1.4e-09 A below; Id(end) 7.30378e-06 vs 7.3036e-06]
  PASS  idvd hv pmos ng2  [366 pts, max rel dI 9.3e-04 above 1e-3 Imax, max |dI| 2.7e-09 A below; Id(end) 1.46076e-05 vs 1.4607e-05]
  PASS  idvd hv pmos ng2 rf  [366 pts, max rel dI 9.0e-04 above 1e-3 Imax, max |dI| 2.7e-09 A below; Id(end) 1.46076e-05 vs 1.4607e-05]
  PASS  idvd hv pmos ng3  [366 pts, max rel dI 9.8e-04 above 1e-3 Imax, max |dI| 4.1e-09 A below; Id(end) 2.19113e-05 vs 2.1911e-05]
  PASS  idvd hv pmos ng3 rf  [366 pts, max rel dI 9.8e-04 above 1e-3 Imax, max |dI| 4.1e-09 A below; Id(end) 2.19113e-05 vs 2.1911e-05]
  PASS  idvd hv pmos ng4  [366 pts, max rel dI 9.7e-04 above 1e-3 Imax, max |dI| 5.4e-09 A below; Id(end) 2.92151e-05 vs 2.9215e-05]
  PASS  idvd hv pmos ng4 rf  [366 pts, max rel dI 9.7e-04 above 1e-3 Imax, max |dI| 5.4e-09 A below; Id(end) 2.92151e-05 vs 2.9215e-05]

66/66 comparisons agree
