DaeSystem {
    unknowns: {
        sim_node0: node0,
        sim_node1: node1,
        sim_node2: node2,
        sim_node3: node3,
    },
    residual: {
        sim_node0: Residual {
            resist: v3,
            react: v3,
            resist_small_signal: v3,
            react_small_signal: v3,
            resist_lim_rhs: v3,
            react_lim_rhs: v3,
            nature_kind: Flow,
        },
        sim_node1: Residual {
            resist: v3,
            react: v3,
            resist_small_signal: v3,
            react_small_signal: v3,
            resist_lim_rhs: v3,
            react_lim_rhs: v3,
            nature_kind: Flow,
        },
        sim_node2: Residual {
            resist: v3,
            react: v3,
            resist_small_signal: v3,
            react_small_signal: v3,
            resist_lim_rhs: v3,
            react_lim_rhs: v3,
            nature_kind: Flow,
        },
        sim_node3: Residual {
            resist: v23,
            react: v3,
            resist_small_signal: v3,
            react_small_signal: v3,
            resist_lim_rhs: v3,
            react_lim_rhs: v3,
            nature_kind: Flow,
        },
    },
    jacobian: {
        j0: MatrixEntry {
            row: sim_node3,
            col: sim_node1,
            resist: v29,
            react: v3,
        },
        j1: MatrixEntry {
            row: sim_node3,
            col: sim_node3,
            resist: v28,
            react: v3,
        },
    },
    small_signal_parameters: {},
    noise_sources: [],
    model_inputs: [],
    num_resistive: 2,
    num_reactive: 0,
}