function %(v16, v17, v19, v20, v22, v28, v29, v30, v34, v36, v41, v48, v49, v51, v54, v56, v59, v60, v61, v62, v63, v77, v78, v82, v98, v113, v119, v126, v127, v141, v319, v455, v457, v464, v557, v558, v611) {
    inst0 = fn %Fatal[Console])(2) -> 0
    inst1 = fn %SetRetFlag[abort](0) -> 0
    inst2 = const fn %ddt(1) -> 1
    inst3 = const fn %simparam_opt(2) -> 1
    inst4 = const fn %flickr_noise(Spur(3))(2) -> 1
    inst5 = const fn %white_noise(Spur(4))(1) -> 1
    inst6 = fn %collapse_node3_Some(node1)(0) -> 0
    inst7 = fn %collapse_node2_None(0) -> 0
    inst8 = const fn %ddx_node_node0(1) -> 1
    // v1 = bconst false
    // v2 = bconst true
    v3 = fconst 0.0
    v6 = fconst 0x1.0000000000000p0
    v7 = fconst -0x1.0000000000000p0
    v11 = fconst 0x1.0000000000000p1
    v14 = fconst 0x1.8000000000000p1
    v23 = fconst 0x1.0b0e7dd0a406ep-76
    v26 = fconst 0x1.7a4d9fe764ac4p-63
    v66 = fconst 0x1.144f69ff9ffc4p6
    v67 = fconst 0x1.93e5939a08ceap99
    v93 = sconst "<DUMMY>"
    v115 = fconst 0x1.eb851eb851eb8p0
    v147 = sconst "<DUMMY>"
    v148 = fconst 0x1.19799812dea11p-40
    v556 = fconst 0x1.0b0e7dd0a406ep-74
    v649 = fconst 0x1.2725dd1d243acp-60

                                block35:
@0003                               v18 = fgt v16, v17
                                    br v18, block2, block4

                                block2:
@0008                               v21 = fadd v19, v20
                                    jmp block4

                                block4:
@000e                               v24 = phi [v21, block2], [v19, block35]
@fffffff2                           v627 = phi [v6, block2], [v3, block35]
@0010                               v25 = fmul v23, v24
@fffffff0                           v628 = fmul v627, v23
@0015                               v27 = fdiv v25, v26
@ffffffeb                           v630 = fdiv v628, v26
@0016                               v31 = fdiv v24, v30
@ffffffea                           v632 = fdiv v627, v30
@0018                               v33 = ln v31
@ffffffe8                           v633 = fdiv v632, v31
@001a                               v35 = fmul v33, v34
@ffffffe6                           v634 = fmul v633, v34
@001d                               v37 = fdiv v35, v36
@ffffffe3                           v636 = fdiv v634, v36
@0021                               v40 = fsub v31, v6
@0024                               v42 = fmul v40, v41
@ffffffdc                           v638 = fmul v632, v41
@0025                               v43 = fmul v27, v36
@ffffffdb                           v639 = fmul v630, v36
@0026                               v44 = fdiv v42, v43
@ffffffda                           v640 = fmul v43, v43
@ffffffda                           v641 = fdiv v638, v43
@ffffffda                           v642 = fmul v639, v42
@ffffffda                           v643 = fdiv v642, v640
@ffffffda                           v644 = fsub v641, v643
@0027                               v45 = fadd v37, v44
@ffffffd9                           v645 = fadd v636, v644
@0028                               v46 = exp v45
@ffffffd8                           v647 = fmul v645, v46
@002d                               v47 = fmul v29, v46
@ffffffd3                           v648 = fmul v647, v29
@0030                               v52 = pow v31, v51
@ffffffd0                           v650 = fadd v31, v649
@ffffffd0                           v652 = pow v650, v51
@ffffffd0                           v653 = fdiv v51, v650
@ffffffd0                           v654 = fmul v632, v653
@ffffffd0                           v655 = fmul v654, v652
@0035                               v53 = fmul v49, v52
@ffffffcb                           v656 = fmul v655, v49
@0038                               v57 = pow v31, v56
@ffffffc8                           v659 = pow v650, v56
@ffffffc8                           v660 = fdiv v56, v650
@ffffffc8                           v661 = fmul v632, v660
@ffffffc8                           v662 = fmul v661, v659
@0044                               v58 = fmul v16, v57
@ffffffbc                           v663 = fmul v662, v16
@0046                               v65 = fdiv v60, v43
@ffffffba                           v665 = fmul v639, v60
@ffffffba                           v666 = fdiv v665, v640
@ffffffba                           v667 = fsub v3, v666
@ffffffba                           v668 = fdiv v6, v43
@0046                               v68 = fgt v65, v66
@0046                               br v68, block5, block6

                                block5:
@0046                               v69 = fsub v65, v66
@0046                               v70 = fmul v67, v69
@ffffffba                           v674 = fmul v667, v67
@ffffffba                           v675 = fmul v668, v67
@0046                               v71 = fadd v67, v70
@ffffffba                           v676 = fadd v3, v674
@ffffffba                           v677 = fadd v3, v675
@0046                               jmp block7

                                block6:
@0046                               v72 = exp v65
@ffffffba                           v670 = fmul v667, v72
@ffffffba                           v671 = fmul v668, v72
@0046                               jmp block7

                                block7:
@0047                               v73 = phi [v71, block5], [v72, block6]
@ffffffb9                           v678 = phi [v676, block5], [v670, block6]
@ffffffb9                           v679 = phi [v677, block5], [v671, block6]
@0049                               v75 = fsub v73, v6
@004c                               v76 = fmul v47, v75
@ffffffb4                           v682 = fmul v648, v75
@ffffffb4                           v683 = fmul v678, v47
@ffffffb4                           v684 = fadd v682, v683
@ffffffb4                           v685 = fmul v679, v47
@0052                               v83 = fdiv v7, v82
@0052                               v85 = floor v83
@0052                               v86 = fne v85, v83
@0052                               v87 = iand v1, v86
@0052                               v89 = flt v83, v3
@0052                               v90 = iand v1, v89
@0052                               v91 = ior v87, v90
@0052                               v92 = inot v91
@0052                               br v92, block10, block9

                                block9:
@0052                               call inst0(v93, v14)
@0052                               call inst1()
@0052                               jmp block10

                                block10:
@0052                               v94 = phi [v14, block7], [v6, block9]
@0053                               v95 = pow v94, v83
@0054                               v96 = fsub v6, v95
@0058                               v97 = fmul v78, v96
@005a                               v105 = fsub v97, v60
@005e                               v112 = fdiv v105, v27
@ffffffa2                           v687 = fmul v27, v27
@ffffffa2                           v688 = fmul v630, v105
@ffffffa2                           v689 = fdiv v688, v687
@ffffffa2                           v690 = fsub v3, v689
@ffffffa2                           v691 = fdiv v7, v27
@0060                               v114 = fmul v112, v112
@ffffffa0                           v692 = fmul v690, v112
@ffffffa0                           v694 = fadd v692, v692
@ffffffa0                           v695 = fmul v691, v112
@ffffffa0                           v697 = fadd v695, v695
@0061                               v116 = fadd v114, v115
@ffffff9f                           v698 = fadd v694, v3
@ffffff9f                           v699 = fadd v697, v3
@0067                               v118 = sqrt v116
@ffffff99                           v702 = fmul v11, v118
@ffffff99                           v703 = fdiv v698, v702
@ffffff99                           v704 = fdiv v699, v702
@0068                               v120 = fadd v112, v118
@ffffff98                           v705 = fadd v690, v703
@ffffff98                           v706 = fadd v691, v704
@0069                               v121 = fmul v27, v120
@ffffff97                           v707 = fmul v630, v120
@ffffff97                           v708 = fmul v705, v27
@ffffff97                           v709 = fadd v707, v708
@ffffff97                           v710 = fmul v706, v27
@006b                               v124 = fdiv v121, v11
@ffffff95                           v712 = fdiv v709, v11
@ffffff95                           v713 = fdiv v710, v11
@006f                               v125 = fsub v97, v124
@ffffff91                           v714 = fsub v3, v712
@ffffff91                           v715 = fsub v3, v713
@0070                               v128 = fmul v127, v78
@0075                               v131 = fdiv v125, v78
@ffffff8b                           v717 = fdiv v714, v78
@ffffff8b                           v718 = fdiv v715, v78
@0076                               v132 = fsub v6, v131
@ffffff8a                           v719 = fsub v3, v717
@ffffff8a                           v720 = fsub v3, v718
@0079                               v134 = fsub v6, v82
@007a                               v135 = pow v132, v134
@ffffff86                           v721 = fadd v132, v649
@ffffff86                           v723 = pow v721, v134
@ffffff86                           v724 = fdiv v134, v721
@ffffff86                           v725 = fmul v719, v724
@ffffff86                           v726 = fmul v725, v723
@ffffff86                           v727 = fmul v720, v724
@ffffff86                           v728 = fmul v727, v723
@007b                               v136 = fsub v6, v135
@ffffff85                           v729 = fsub v3, v726
@ffffff85                           v730 = fsub v3, v728
@007c                               v137 = fmul v128, v136
@ffffff84                           v731 = fmul v729, v128
@ffffff84                           v732 = fmul v730, v128
@0084                               v140 = fdiv v137, v134
@ffffff7c                           v734 = fdiv v731, v134
@ffffff7c                           v735 = fdiv v732, v134
@0088                               v146 = fadd v76, v3
@ffffff78                           v736 = fadd v684, v3
@ffffff78                           v737 = fadd v685, v3
@008a                               v149 = call inst3(v147, v148)
@008b                               v150 = fmul v149, v60
@008d                               v151 = fadd v146, v150
@ffffff73                           v739 = fadd v737, v149
@008d                               v152 = flt v76, v3
@008d                               br v152, block11, block13

                                block11:
@008d                               v153 = fneg v76
@008d                               jmp block13

                                block13:
@008f                               v155 = phi [v146, block10], [v153, block11]
@008f                               v156 = fgt v155, v3
@008f                               br v156, block16, block15

                                block15:
@008f                               jmp block16

                                block16:
@008f                               v157 = phi [v155, block13], [v3, block15]
                                    v184 = fgt v49, v17
@0098                               br v184, block23, block24

                                block23:
@0099                               v223 = fdiv v62, v53
@ffffff67                           v742 = fmul v53, v53
@ffffff67                           v743 = fmul v656, v62
@ffffff67                           v744 = fdiv v743, v742
@ffffff67                           v745 = fsub v3, v744
@ffffff67                           v746 = fdiv v6, v53
@009f                               v246 = fmul v556, v24
@00a0                               v247 = fdiv v246, v53
@00a1                               v249 = sqrt v247
@00a1                               v250 = fgt v249, v3
@00a1                               br v250, block28, block27

                                block27:
@00a1                               jmp block28

                                block28:
@00a1                               v251 = phi [v249, block23], [v3, block27]
                                    v253 = fadd v223, v3
                                    v747 = fadd v745, v3
                                    v748 = fadd v746, v3
                                    jmp block25

                                block24:
                                    call inst6()
@00a8                               jmp block25

                                block25:
                                    v588 = phi [v3, block24], [v251, block28]
                                    v541 = phi [v3, block24], [v253, block28]
                                    v749 = phi [v3, block24], [v747, block28]
                                    v750 = phi [v3, block24], [v748, block28]
                                    v559 = phi [v3, block24], [v6, block28]
@00ac                               br v18, block29, block30

                                block29:
@00af                               v318 = fmul v76, v60
@ffffff51                           v751 = fmul v684, v60
@ffffff51                           v752 = fmul v685, v60
@ffffff51                           v753 = fadd v752, v76
@00b4                               br v184, block32, block34

                                block32:
@00b6                               v329 = pow v62, v11
@ffffff4a                           v754 = fadd v62, v649
@ffffff4a                           v756 = pow v754, v11
@ffffff4a                           v757 = fdiv v11, v754
@ffffff4a                           v758 = fmul v757, v756
@00b7                               v337 = fdiv v329, v53
@ffffff49                           v759 = fmul v53, v53
@ffffff49                           v760 = fmul v656, v329
@ffffff49                           v761 = fdiv v760, v759
@ffffff49                           v762 = fsub v3, v761
@ffffff49                           v763 = fdiv v758, v53
                                    v338 = fadd v318, v337
                                    v764 = fadd v751, v762
                                    v765 = fadd v753, v3
                                    v766 = fadd v3, v763
                                    jmp block34

                                block34:
@00bf                               v339 = phi [v318, block29], [v338, block32]
@ffffff41                           v767 = phi [v751, block29], [v764, block32]
@ffffff41                           v768 = phi [v753, block29], [v765, block32]
@ffffff41                           v769 = phi [v3, block29], [v766, block32]
                                    v369 = fdiv v20, v58
                                    v770 = fmul v58, v58
                                    v771 = fdiv v6, v58
                                    v772 = fmul v663, v20
                                    v773 = fdiv v772, v770
                                    v774 = fsub v771, v773
@00c2                               v370 = fsub v339, v369
@ffffff3e                           v775 = fsub v767, v774
                                    jmp block31

                                block30:
@00c7                               call inst7()
@00cc                               jmp block31

                                block31:
                                    v551 = phi [v3, block30], [v370, block34]
                                    v778 = phi [v3, block30], [v775, block34]
                                    v779 = phi [v3, block30], [v768, block34]
                                    v780 = phi [v3, block30], [v769, block34]
                                    v547 = phi [v2, block30], [v1, block34]
                                    v585 = optbarrier v559
                                    v553 = optbarrier v735
                                    v554 = optbarrier v685
                                    v572 = optbarrier v157
                                    v609 = optbarrier v588
                                    v612 = sqrt v611
                                    v823 = fmul v611, v151
                                    v613 = optbarrier v823
                                    v824 = fmul v611, v140
                                    v614 = optbarrier v824
                                    v615 = fneg v151
                                    v781 = fneg v736
                                    v782 = fneg v739
                                    v616 = fneg v140
                                    v783 = fneg v734
                                    v784 = fneg v735
                                    v618 = fmul v585, v612
                                    v619 = fadd v615, v541
                                    v785 = fadd v781, v749
                                    v786 = fadd v782, v3
                                    v787 = fadd v3, v750
                                    v620 = fneg v541
                                    v788 = fneg v749
                                    v789 = fneg v750
                                    br v547, block36, block37

                                block36:
                                    jmp block37

                                block37:
                                    v621 = phi [v558, block31], [v20, block36]
                                    v790 = phi [v3, block31], [v6, block36]
                                    v791 = phi [v6, block31], [v3, block36]
                                    v622 = phi [v551, block31], [v3, block36]
                                    v792 = phi [v778, block31], [v3, block36]
                                    v793 = phi [v779, block31], [v3, block36]
                                    v794 = phi [v780, block31], [v3, block36]
                                    v623 = optbarrier v622
                                    v624 = fsub v623, v621
                                    v795 = fsub v792, v790
                                    v798 = fsub v3, v791
                                    v827 = fmul v611, v558
                                    v625 = optbarrier v827
                                    v838 = fmul v611, v736
                                    v799 = optbarrier v838
                                    v839 = fmul v611, v734
                                    v800 = optbarrier v839
                                    v836 = fmul v611, v739
                                    v803 = optbarrier v836
                                    v837 = fmul v611, v735
                                    v804 = optbarrier v837
                                    v846 = fmul v611, v788
                                    v805 = optbarrier v846
                                    v806 = fneg v789
                                    v847 = fmul v611, v789
                                    v807 = optbarrier v847
                                    v853 = fmul v611, v785
                                    v809 = optbarrier v853
                                    v854 = fmul v611, v783
                                    v810 = optbarrier v854
                                    v811 = fneg v786
                                    v812 = fneg v784
                                    v849 = fmul v611, v786
                                    v813 = optbarrier v849
                                    v850 = fmul v611, v784
                                    v814 = optbarrier v850
                                    v815 = fneg v787
                                    v816 = fadd v811, v787
                                    v817 = optbarrier v795
                                    v818 = fneg v793
                                    v819 = optbarrier v793
                                    v820 = fneg v794
                                    v821 = fadd v818, v794
                                    v822 = optbarrier v798
                                    v826 = fmul v611, v620
                                    v825 = optbarrier v826
                                    v829 = fmul v611, v619
                                    v828 = optbarrier v829
                                    v831 = fmul v611, v616
                                    v830 = optbarrier v831
                                    v832 = optbarrier v624
                                    v833 = optbarrier v611
                                    v834 = optbarrier v612
                                    v835 = optbarrier v618
                                    v841 = fmul v611, v782
                                    v840 = optbarrier v841
                                    v842 = optbarrier v850
                                    v845 = fmul v611, v806
                                    v844 = optbarrier v845
                                    v852 = fmul v611, v815
                                    v851 = optbarrier v852
                                    v856 = fmul v611, v816
                                    v855 = optbarrier v856
                                    v858 = fmul v611, v812
                                    v857 = optbarrier v858
                                    v859 = optbarrier v820
                                    v860 = optbarrier v821
}
