DaeSystem {
    unknowns: {
        sim_node0: node0,
        sim_node1: node1,
        sim_node2: node2,
        sim_node3: node3,
        sim_node4: br[Branch(BranchId(2))],
    },
    residual: {
        sim_node0: Residual {
            resist: v613,
            react: v614,
            resist_small_signal: v3,
            react_small_signal: v3,
            resist_lim_rhs: v3,
            react_lim_rhs: v3,
            nature_kind: Flow,
        },
        sim_node1: Residual {
            resist: v825,
            react: v3,
            resist_small_signal: v3,
            react_small_signal: v3,
            resist_lim_rhs: v3,
            react_lim_rhs: v3,
            nature_kind: Flow,
        },
        sim_node2: Residual {
            resist: v625,
            react: v3,
            resist_small_signal: v3,
            react_small_signal: v3,
            resist_lim_rhs: v3,
            react_lim_rhs: v3,
            nature_kind: Flow,
        },
        sim_node3: Residual {
            resist: v828,
            react: v830,
            resist_small_signal: v3,
            react_small_signal: v3,
            resist_lim_rhs: v3,
            react_lim_rhs: v3,
            nature_kind: Flow,
        },
        sim_node4: Residual {
            resist: v832,
            react: v3,
            resist_small_signal: v3,
            react_small_signal: v3,
            resist_lim_rhs: v3,
            react_lim_rhs: v3,
            nature_kind: Switch,
        },
    },
    jacobian: {
        j0: MatrixEntry {
            row: sim_node0,
            col: sim_node0,
            resist: v803,
            react: v804,
        },
        j1: MatrixEntry {
            row: sim_node0,
            col: sim_node2,
            resist: v799,
            react: v800,
        },
        j2: MatrixEntry {
            row: sim_node0,
            col: sim_node3,
            resist: v840,
            react: v842,
        },
        j3: MatrixEntry {
            row: sim_node1,
            col: sim_node1,
            resist: v844,
            react: v3,
        },
        j4: MatrixEntry {
            row: sim_node1,
            col: sim_node2,
            resist: v805,
            react: v3,
        },
        j5: MatrixEntry {
            row: sim_node1,
            col: sim_node3,
            resist: v807,
            react: v3,
        },
        j6: MatrixEntry {
            row: sim_node2,
            col: sim_node4,
            resist: v611,
            react: v3,
        },
        j7: MatrixEntry {
            row: sim_node3,
            col: sim_node0,
            resist: v813,
            react: v814,
        },
        j8: MatrixEntry {
            row: sim_node3,
            col: sim_node1,
            resist: v851,
            react: v3,
        },
        j9: MatrixEntry {
            row: sim_node3,
            col: sim_node2,
            resist: v809,
            react: v810,
        },
        j10: MatrixEntry {
            row: sim_node3,
            col: sim_node3,
            resist: v855,
            react: v857,
        },
        j11: MatrixEntry {
            row: sim_node4,
            col: sim_node0,
            resist: v819,
            react: v3,
        },
        j12: MatrixEntry {
            row: sim_node4,
            col: sim_node1,
            resist: v859,
            react: v3,
        },
        j13: MatrixEntry {
            row: sim_node4,
            col: sim_node2,
            resist: v817,
            react: v3,
        },
        j14: MatrixEntry {
            row: sim_node4,
            col: sim_node3,
            resist: v860,
            react: v3,
        },
        j15: MatrixEntry {
            row: sim_node4,
            col: sim_node4,
            resist: v822,
            react: v3,
        },
    },
    small_signal_parameters: {},
    noise_sources: [
        NoiseSource {
            name: Spur(3),
            kind: FlickerNoise {
                pwr: v572,
                exp: v6,
            },
            hi: sim_node0,
            lo: Some(
                sim_node3,
            ),
            factor: v834,
            factor_react: v3,
        },
        NoiseSource {
            name: Spur(4),
            kind: WhiteNoise {
                pwr: v609,
            },
            hi: sim_node3,
            lo: Some(
                sim_node1,
            ),
            factor: v835,
            factor_react: v3,
        },
    ],
    model_inputs: [
        (
            0,
            3,
        ),
        (
            3,
            1,
        ),
        (
            4,
            4294967295,
        ),
    ],
    num_resistive: 16,
    num_reactive: 6,
}