function %(v16, v17, v19, v20, v22, v28, v29, v30, v34, v36, v41, v48, v49, v51, v54, v56, v59, v60, v61, v62, v63, v77, v78, v82, v98, v113, v119, v126, v127, v141, v319, v455, v457, v464, v557, v558, v611) {
    inst0 = fn %Fatal[Console])(2) -> 0
    inst1 = fn %SetRetFlag[abort](0) -> 0
    inst2 = const fn %ddt(1) -> 1
    inst3 = const fn %simparam_opt(2) -> 1
    inst4 = const fn %flickr_noise(Spur(3))(2) -> 1
    inst5 = const fn %white_noise(Spur(4))(1) -> 1
    inst6 = fn %collapse_node3_Some(node1)(0) -> 0
    inst7 = fn %collapse_node2_None(0) -> 0
    inst8 = const fn %ddx_node_node0(1) -> 1
    // v1 = bconst false
    // v2 = bconst true
    v3 = fconst 0.0
    v6 = fconst 0x1.0000000000000p0
    v7 = fconst -0x1.0000000000000p0
    v11 = fconst 0x1.0000000000000p1
    v14 = fconst 0x1.8000000000000p1
    v23 = fconst 0x1.0b0e7dd0a406ep-76
    v26 = fconst 0x1.7a4d9fe764ac4p-63
    v66 = fconst 0x1.144f69ff9ffc4p6
    v67 = fconst 0x1.93e5939a08ceap99
    v93 = sconst "<DUMMY>"
    v115 = fconst 0x1.eb851eb851eb8p0
    v147 = sconst "<DUMMY>"
    v148 = fconst 0x1.19799812dea11p-40
    v556 = fconst 0x1.0b0e7dd0a406ep-74
    v644 = fconst 0x1.2725dd1d243acp-60

                                block35:
@0003                               v18 = fgt v16, v17
                                    br v18, block2, block4

                                block2:
@0008                               v21 = fadd v19, v20
                                    jmp block4

                                block4:
@000e                               v24 = phi [v21, block2], [v19, block35]
@fffffff2                           v627 = phi [v6, block2], [v3, block35]
@0010                               v25 = fmul v23, v24
@fffffff0                           v628 = fmul v627, v23
@0015                               v27 = fdiv v25, v26
@ffffffeb                           v629 = fdiv v628, v26
@0016                               v31 = fdiv v24, v30
@ffffffea                           v630 = fdiv v627, v30
@0018                               v33 = ln v31
@ffffffe8                           v631 = fdiv v630, v31
@001a                               v35 = fmul v33, v34
@ffffffe6                           v632 = fmul v631, v34
@001d                               v37 = fdiv v35, v36
@ffffffe3                           v633 = fdiv v632, v36
@0021                               v40 = fsub v31, v6
@0024                               v42 = fmul v40, v41
@ffffffdc                           v635 = fmul v630, v41
@0025                               v43 = fmul v27, v36
@ffffffdb                           v636 = fmul v629, v36
@0026                               v44 = fdiv v42, v43
@ffffffda                           v637 = fmul v44, v636
@ffffffda                           v638 = fsub v635, v637
@0026                               v639 = fdiv v638, v43
@0027                               v45 = fadd v37, v44
@ffffffd9                           v640 = fadd v633, v639
@0028                               v46 = exp v45
@ffffffd8                           v642 = fmul v640, v46
@002d                               v47 = fmul v29, v46
@ffffffd3                           v643 = fmul v642, v29
@0030                               v52 = pow v31, v51
@ffffffd0                           v645 = fadd v31, v644
@ffffffd0                           v647 = pow v645, v51
@ffffffd0                           v648 = fdiv v51, v645
@ffffffd0                           v649 = fmul v630, v648
@ffffffd0                           v650 = fmul v649, v647
@0035                               v53 = fmul v49, v52
@ffffffcb                           v651 = fmul v650, v49
@0038                               v57 = pow v31, v56
@ffffffc8                           v654 = pow v645, v56
@ffffffc8                           v655 = fdiv v56, v645
@ffffffc8                           v656 = fmul v630, v655
@ffffffc8                           v657 = fmul v656, v654
@0044                               v58 = fmul v16, v57
@ffffffbc                           v658 = fmul v657, v16
@0046                               v65 = fdiv v60, v43
@ffffffba                           v659 = fmul v65, v636
@ffffffba                           v660 = fneg v659
@0046                               v661 = fdiv v660, v43
@ffffffba                           v662 = fdiv v6, v43
@0046                               v68 = fgt v65, v66
@0046                               br v68, block5, block6

                                block5:
@0046                               v69 = fsub v65, v66
@0046                               v70 = fmul v67, v69
@ffffffba                           v668 = fmul v661, v67
@ffffffba                           v669 = fmul v662, v67
@0046                               v71 = fadd v67, v70
@ffffffba                           v670 = fadd v3, v668
@ffffffba                           v671 = fadd v3, v669
@0046                               jmp block7

                                block6:
@0046                               v72 = exp v65
@ffffffba                           v664 = fmul v661, v72
@ffffffba                           v665 = fmul v662, v72
@0046                               jmp block7

                                block7:
@0047                               v73 = phi [v71, block5], [v72, block6]
@ffffffb9                           v672 = phi [v670, block5], [v664, block6]
@ffffffb9                           v673 = phi [v671, block5], [v665, block6]
@0049                               v75 = fsub v73, v6
@004c                               v76 = fmul v47, v75
@ffffffb4                           v676 = fmul v643, v75
@ffffffb4                           v677 = fmul v672, v47
@ffffffb4                           v678 = fadd v676, v677
@ffffffb4                           v679 = fmul v673, v47
@0052                               v83 = fdiv v7, v82
@0052                               v85 = floor v83
@0052                               v86 = fne v85, v83
@0052                               v87 = iand v1, v86
@0052                               v89 = flt v83, v3
@0052                               v90 = iand v1, v89
@0052                               v91 = ior v87, v90
@0052                               v92 = inot v91
@0052                               br v92, block10, block9

                                block9:
@0052                               call inst0(v93, v14)
@0052                               call inst1()
@0052                               jmp block10

                                block10:
@0052                               v94 = phi [v14, block7], [v6, block9]
@0053                               v95 = pow v94, v83
@0054                               v96 = fsub v6, v95
@0058                               v97 = fmul v78, v96
@005a                               v105 = fsub v97, v60
@005e                               v112 = fdiv v105, v27
@ffffffa2                           v681 = fmul v112, v629
@ffffffa2                           v682 = fneg v681
@005e                               v683 = fdiv v682, v27
@ffffffa2                           v684 = fdiv v7, v27
@0060                               v114 = fmul v112, v112
@ffffffa0                           v685 = fmul v683, v112
@ffffffa0                           v687 = fadd v685, v685
@ffffffa0                           v688 = fmul v684, v112
@ffffffa0                           v690 = fadd v688, v688
@0061                               v116 = fadd v114, v115
@ffffff9f                           v691 = fadd v687, v3
@ffffff9f                           v692 = fadd v690, v3
@0067                               v118 = sqrt v116
@ffffff99                           v695 = fmul v11, v118
@ffffff99                           v696 = fdiv v691, v695
@ffffff99                           v697 = fdiv v692, v695
@0068                               v120 = fadd v112, v118
@ffffff98                           v698 = fadd v683, v696
@ffffff98                           v699 = fadd v684, v697
@0069                               v121 = fmul v27, v120
@ffffff97                           v700 = fmul v629, v120
@ffffff97                           v701 = fmul v698, v27
@ffffff97                           v702 = fadd v700, v701
@ffffff97                           v703 = fmul v699, v27
@006b                               v124 = fdiv v121, v11
@ffffff95                           v704 = fdiv v702, v11
@ffffff95                           v705 = fdiv v703, v11
@006f                               v125 = fsub v97, v124
@ffffff91                           v706 = fsub v3, v704
@ffffff91                           v707 = fsub v3, v705
@0070                               v128 = fmul v127, v78
@0075                               v131 = fdiv v125, v78
@ffffff8b                           v708 = fdiv v706, v78
@ffffff8b                           v709 = fdiv v707, v78
@0076                               v132 = fsub v6, v131
@ffffff8a                           v710 = fsub v3, v708
@ffffff8a                           v711 = fsub v3, v709
@0079                               v134 = fsub v6, v82
@007a                               v135 = pow v132, v134
@ffffff86                           v712 = fadd v132, v644
@ffffff86                           v714 = pow v712, v134
@ffffff86                           v715 = fdiv v134, v712
@ffffff86                           v716 = fmul v710, v715
@ffffff86                           v717 = fmul v716, v714
@ffffff86                           v718 = fmul v711, v715
@ffffff86                           v719 = fmul v718, v714
@007b                               v136 = fsub v6, v135
@ffffff85                           v720 = fsub v3, v717
@ffffff85                           v721 = fsub v3, v719
@007c                               v137 = fmul v128, v136
@ffffff84                           v722 = fmul v720, v128
@ffffff84                           v723 = fmul v721, v128
@0084                               v140 = fdiv v137, v134
@ffffff7c                           v724 = fdiv v722, v134
@ffffff7c                           v725 = fdiv v723, v134
@0088                               v146 = fadd v76, v3
@ffffff78                           v726 = fadd v678, v3
@ffffff78                           v727 = fadd v679, v3
@008a                               v149 = call inst3(v147, v148)
@008b                               v150 = fmul v149, v60
@008d                               v151 = fadd v146, v150
@ffffff73                           v729 = fadd v727, v149
@008d                               v152 = flt v76, v3
@008d                               br v152, block11, block13

                                block11:
@008d                               v153 = fneg v76
@008d                               jmp block13

                                block13:
@008f                               v155 = phi [v146, block10], [v153, block11]
@008f                               v156 = fgt v155, v3
@008f                               br v156, block16, block15

                                block15:
@008f                               jmp block16

                                block16:
@008f                               v157 = phi [v155, block13], [v3, block15]
                                    v184 = fgt v49, v17
@0098                               br v184, block23, block24

                                block23:
@0099                               v223 = fdiv v62, v53
@ffffff67                           v732 = fmul v223, v651
@ffffff67                           v733 = fneg v732
@0099                               v734 = fdiv v733, v53
@ffffff67                           v735 = fdiv v6, v53
@009f                               v246 = fmul v556, v24
@00a0                               v247 = fdiv v246, v53
@00a1                               v249 = sqrt v247
@00a1                               v250 = fgt v249, v3
@00a1                               br v250, block28, block27

                                block27:
@00a1                               jmp block28

                                block28:
@00a1                               v251 = phi [v249, block23], [v3, block27]
                                    v253 = fadd v223, v3
                                    v736 = fadd v734, v3
                                    v737 = fadd v735, v3
                                    jmp block25

                                block24:
                                    call inst6()
@00a8                               jmp block25

                                block25:
                                    v588 = phi [v3, block24], [v251, block28]
                                    v541 = phi [v3, block24], [v253, block28]
                                    v738 = phi [v3, block24], [v736, block28]
                                    v739 = phi [v3, block24], [v737, block28]
                                    v559 = phi [v3, block24], [v6, block28]
@00ac                               br v18, block29, block30

                                block29:
@00af                               v318 = fmul v76, v60
@ffffff51                           v740 = fmul v678, v60
@ffffff51                           v741 = fmul v679, v60
@ffffff51                           v742 = fadd v741, v76
@00b4                               br v184, block32, block34

                                block32:
@00b6                               v329 = pow v62, v11
@ffffff4a                           v743 = fadd v62, v644
@ffffff4a                           v745 = pow v743, v11
@ffffff4a                           v746 = fdiv v11, v743
@ffffff4a                           v747 = fmul v746, v745
@00b7                               v337 = fdiv v329, v53
@ffffff49                           v748 = fmul v337, v651
@ffffff49                           v749 = fneg v748
@00b7                               v750 = fdiv v749, v53
@ffffff49                           v751 = fdiv v747, v53
                                    v338 = fadd v318, v337
                                    v752 = fadd v740, v750
                                    v753 = fadd v742, v3
                                    v754 = fadd v3, v751
                                    jmp block34

                                block34:
@00bf                               v339 = phi [v318, block29], [v338, block32]
@ffffff41                           v755 = phi [v740, block29], [v752, block32]
@ffffff41                           v756 = phi [v742, block29], [v753, block32]
@ffffff41                           v757 = phi [v3, block29], [v754, block32]
                                    v369 = fdiv v20, v58
                                    v758 = fmul v369, v658
                                    v759 = fsub v6, v758
                                    v760 = fdiv v759, v58
@00c2                               v370 = fsub v339, v369
@ffffff3e                           v761 = fsub v755, v760
                                    jmp block31

                                block30:
@00c7                               call inst7()
@00cc                               jmp block31

                                block31:
                                    v551 = phi [v3, block30], [v370, block34]
                                    v764 = phi [v3, block30], [v761, block34]
                                    v765 = phi [v3, block30], [v756, block34]
                                    v766 = phi [v3, block30], [v757, block34]
                                    v547 = phi [v2, block30], [v1, block34]
                                    v585 = optbarrier v559
                                    v553 = optbarrier v725
                                    v554 = optbarrier v679
                                    v572 = optbarrier v157
                                    v609 = optbarrier v588
                                    v612 = sqrt v611
                                    v809 = fmul v611, v151
                                    v613 = optbarrier v809
                                    v810 = fmul v611, v140
                                    v614 = optbarrier v810
                                    v615 = fneg v151
                                    v767 = fneg v726
                                    v768 = fneg v729
                                    v616 = fneg v140
                                    v769 = fneg v724
                                    v770 = fneg v725
                                    v618 = fmul v585, v612
                                    v619 = fadd v615, v541
                                    v771 = fadd v767, v738
                                    v772 = fadd v768, v3
                                    v773 = fadd v3, v739
                                    v620 = fneg v541
                                    v774 = fneg v738
                                    v775 = fneg v739
                                    br v547, block36, block37

                                block36:
                                    jmp block37

                                block37:
                                    v621 = phi [v558, block31], [v20, block36]
                                    v776 = phi [v3, block31], [v6, block36]
                                    v777 = phi [v6, block31], [v3, block36]
                                    v622 = phi [v551, block31], [v3, block36]
                                    v778 = phi [v764, block31], [v3, block36]
                                    v779 = phi [v765, block31], [v3, block36]
                                    v780 = phi [v766, block31], [v3, block36]
                                    v623 = optbarrier v622
                                    v624 = fsub v623, v621
                                    v781 = fsub v778, v776
                                    v784 = fsub v3, v777
                                    v813 = fmul v611, v558
                                    v625 = optbarrier v813
                                    v824 = fmul v611, v726
                                    v785 = optbarrier v824
                                    v825 = fmul v611, v724
                                    v786 = optbarrier v825
                                    v822 = fmul v611, v729
                                    v789 = optbarrier v822
                                    v823 = fmul v611, v725
                                    v790 = optbarrier v823
                                    v832 = fmul v611, v774
                                    v791 = optbarrier v832
                                    v792 = fneg v775
                                    v833 = fmul v611, v775
                                    v793 = optbarrier v833
                                    v839 = fmul v611, v771
                                    v795 = optbarrier v839
                                    v840 = fmul v611, v769
                                    v796 = optbarrier v840
                                    v797 = fneg v772
                                    v798 = fneg v770
                                    v835 = fmul v611, v772
                                    v799 = optbarrier v835
                                    v836 = fmul v611, v770
                                    v800 = optbarrier v836
                                    v801 = fneg v773
                                    v802 = fadd v797, v773
                                    v803 = optbarrier v781
                                    v804 = fneg v779
                                    v805 = optbarrier v779
                                    v806 = fneg v780
                                    v807 = fadd v804, v780
                                    v808 = optbarrier v784
                                    v812 = fmul v611, v620
                                    v811 = optbarrier v812
                                    v815 = fmul v611, v619
                                    v814 = optbarrier v815
                                    v817 = fmul v611, v616
                                    v816 = optbarrier v817
                                    v818 = optbarrier v624
                                    v819 = optbarrier v611
                                    v820 = optbarrier v612
                                    v821 = optbarrier v618
                                    v827 = fmul v611, v768
                                    v826 = optbarrier v827
                                    v828 = optbarrier v836
                                    v831 = fmul v611, v792
                                    v830 = optbarrier v831
                                    v838 = fmul v611, v801
                                    v837 = optbarrier v838
                                    v842 = fmul v611, v802
                                    v841 = optbarrier v842
                                    v844 = fmul v611, v798
                                    v843 = optbarrier v844
                                    v845 = optbarrier v806
                                    v846 = optbarrier v807
}
