function %(v16, v17, v19, v20, v22, v28, v29, v30, v33, v35, v40, v47, v48, v50, v53, v55, v58, v59, v60, v61, v62, v76, v77, v81, v86, v95, v100, v107, v108, v122, v201, v274, v276, v283, v355, v356, v397) {
    inst0 = const fn %ddt(1) -> 1
    inst1 = const fn %simparam_opt(2) -> 1
    inst2 = const fn %flickr_noise(Spur(2))(2) -> 1
    inst3 = const fn %white_noise(Spur(3))(1) -> 1
    inst4 = fn %collapse_node3_Some(node1)(0) -> 0
    inst5 = fn %collapse_node2_None(0) -> 0
    inst6 = const fn %ddx_node_node0(1) -> 1
    v3 = fconst 0.0
    v6 = fconst 0x1.0000000000000p0
    v7 = fconst -0x1.0000000000000p0
    v11 = fconst 0x1.0000000000000p1
    v14 = fconst 0x1.8000000000000p1
    v23 = fconst 0x1.0b0e7dd0a406ep-76
    v26 = fconst 0x1.7a4d9fe764ac4p-63
    v65 = fconst 0x1.144f69ff9ffc4p6
    v66 = fconst 0x1.93e5939a08ceap99
    v97 = fconst 0x1.eb851eb851eb8p0
    v125 = sconst "<DUMMY>"
    v126 = fconst 0x1.19799812dea11p-40
    v354 = fconst 0x1.0b0e7dd0a406ep-74
    v431 = fconst 0x1.2725dd1d243acp-60

                                block20:
@0003                               v18 = fgt v16, v17
                                    br v18, block2, block4

                                block2:
@0008                               v21 = fadd v19, v20
                                    jmp block4

                                block4:
@000e                               v24 = phi [v21, block2], [v19, block20]
@fffffff2                           v409 = phi [v6, block2], [v3, block20]
@0010                               v25 = fmul v23, v24
@fffffff0                           v410 = fmul v409, v23
@0015                               v27 = fdiv v25, v26
@ffffffeb                           v412 = fdiv v410, v26
@0016                               v31 = fdiv v24, v30
@ffffffea                           v414 = fdiv v409, v30
@0018                               v32 = ln v31
@ffffffe8                           v415 = fdiv v414, v31
@001a                               v34 = fmul v32, v33
@ffffffe6                           v416 = fmul v415, v33
@001d                               v36 = fdiv v34, v35
@ffffffe3                           v418 = fdiv v416, v35
@0021                               v39 = fsub v31, v6
@0024                               v41 = fmul v39, v40
@ffffffdc                           v420 = fmul v414, v40
@0025                               v42 = fmul v27, v35
@ffffffdb                           v421 = fmul v412, v35
@0026                               v43 = fdiv v41, v42
@ffffffda                           v422 = fmul v42, v42
@ffffffda                           v423 = fdiv v420, v42
@ffffffda                           v424 = fmul v421, v41
@ffffffda                           v425 = fdiv v424, v422
@ffffffda                           v426 = fsub v423, v425
@0027                               v44 = fadd v36, v43
@ffffffd9                           v427 = fadd v418, v426
@0028                               v45 = exp v44
@ffffffd8                           v429 = fmul v427, v45
@002d                               v46 = fmul v29, v45
@ffffffd3                           v430 = fmul v429, v29
@0030                               v51 = pow v31, v50
@ffffffd0                           v432 = fadd v31, v431
@ffffffd0                           v434 = pow v432, v50
@ffffffd0                           v435 = fdiv v50, v432
@ffffffd0                           v436 = fmul v414, v435
@ffffffd0                           v437 = fmul v436, v434
@0035                               v52 = fmul v48, v51
@ffffffcb                           v438 = fmul v437, v48
@0038                               v56 = pow v31, v55
@ffffffc8                           v441 = pow v432, v55
@ffffffc8                           v442 = fdiv v55, v432
@ffffffc8                           v443 = fmul v414, v442
@ffffffc8                           v444 = fmul v443, v441
@0044                               v57 = fmul v16, v56
@ffffffbc                           v445 = fmul v444, v16
@0046                               v64 = fdiv v59, v42
@ffffffba                           v447 = fmul v421, v59
@ffffffba                           v448 = fdiv v447, v422
@ffffffba                           v449 = fsub v3, v448
@ffffffba                           v450 = fdiv v6, v42
@0046                               v67 = fgt v64, v65
@0046                               br v67, block5, block6

                                block5:
@0046                               v68 = fsub v64, v65
@0046                               v69 = fmul v66, v68
@ffffffba                           v456 = fmul v449, v66
@ffffffba                           v457 = fmul v450, v66
@0046                               v70 = fadd v66, v69
@0046                               jmp block7

                                block6:
@0046                               v71 = exp v64
@ffffffba                           v452 = fmul v449, v71
@ffffffba                           v453 = fmul v450, v71
@0046                               jmp block7

                                block7:
@0047                               v72 = phi [v70, block5], [v71, block6]
@ffffffb9                           v460 = phi [v456, block5], [v452, block6]
@ffffffb9                           v461 = phi [v457, block5], [v453, block6]
@0049                               v74 = fsub v72, v6
@004c                               v75 = fmul v46, v74
@ffffffb4                           v464 = fmul v430, v74
@ffffffb4                           v465 = fmul v460, v46
@ffffffb4                           v466 = fadd v464, v465
@ffffffb4                           v467 = fmul v461, v46
@0052                               v82 = fdiv v7, v81
@0053                               v83 = pow v14, v82
@0054                               v84 = fsub v6, v83
@0058                               v85 = fmul v77, v84
@005a                               v90 = fsub v85, v59
@005e                               v94 = fdiv v90, v27
@ffffffa2                           v469 = fmul v27, v27
@ffffffa2                           v470 = fmul v412, v90
@ffffffa2                           v471 = fdiv v470, v469
@ffffffa2                           v472 = fsub v3, v471
@ffffffa2                           v473 = fdiv v7, v27
@0060                               v96 = fmul v94, v94
@ffffffa0                           v474 = fmul v472, v94
@ffffffa0                           v476 = fadd v474, v474
@ffffffa0                           v477 = fmul v473, v94
@ffffffa0                           v479 = fadd v477, v477
@0061                               v98 = fadd v96, v97
@0067                               v99 = sqrt v98
@ffffff99                           v484 = fmul v11, v99
@ffffff99                           v485 = fdiv v476, v484
@ffffff99                           v486 = fdiv v479, v484
@0068                               v101 = fadd v94, v99
@ffffff98                           v487 = fadd v472, v485
@ffffff98                           v488 = fadd v473, v486
@0069                               v102 = fmul v27, v101
@ffffff97                           v489 = fmul v412, v101
@ffffff97                           v490 = fmul v487, v27
@ffffff97                           v491 = fadd v489, v490
@ffffff97                           v492 = fmul v488, v27
@006b                               v105 = fdiv v102, v11
@ffffff95                           v494 = fdiv v491, v11
@ffffff95                           v495 = fdiv v492, v11
@006f                               v106 = fsub v85, v105
@ffffff91                           v496 = fsub v3, v494
@ffffff91                           v497 = fsub v3, v495
@0070                               v109 = fmul v108, v77
@0075                               v112 = fdiv v106, v77
@ffffff8b                           v499 = fdiv v496, v77
@ffffff8b                           v500 = fdiv v497, v77
@0076                               v113 = fsub v6, v112
@ffffff8a                           v501 = fsub v3, v499
@ffffff8a                           v502 = fsub v3, v500
@0079                               v115 = fsub v6, v81
@007a                               v116 = pow v113, v115
@ffffff86                           v503 = fadd v113, v431
@ffffff86                           v505 = pow v503, v115
@ffffff86                           v506 = fdiv v115, v503
@ffffff86                           v507 = fmul v501, v506
@ffffff86                           v508 = fmul v507, v505
@ffffff86                           v509 = fmul v502, v506
@ffffff86                           v510 = fmul v509, v505
@007b                               v117 = fsub v6, v116
@ffffff85                           v511 = fsub v3, v508
@ffffff85                           v512 = fsub v3, v510
@007c                               v118 = fmul v109, v117
@ffffff84                           v513 = fmul v511, v109
@ffffff84                           v514 = fmul v512, v109
@0084                               v121 = fdiv v118, v115
@ffffff7c                           v516 = fdiv v513, v115
@ffffff7c                           v517 = fdiv v514, v115
@008a                               v127 = call inst1(v125, v126)
@008b                               v128 = fmul v127, v59
@008d                               v129 = fadd v75, v128
@ffffff73                           v521 = fadd v467, v127
@008d                               v130 = flt v75, v3
@008d                               br v130, block8, block10

                                block8:
@008d                               v131 = fneg v75
@008d                               jmp block10

                                block10:
@008f                               v132 = phi [v75, block7], [v131, block8]
                                    v144 = fgt v48, v17
@0098                               br v144, block11, block12

                                block11:
@0099                               v159 = fdiv v61, v52
@ffffff67                           v524 = fmul v52, v52
@ffffff67                           v525 = fmul v438, v61
@ffffff67                           v526 = fdiv v525, v524
@ffffff67                           v527 = fsub v3, v526
@ffffff67                           v528 = fdiv v6, v52
@009f                               v170 = fmul v354, v24
@00a0                               v171 = fdiv v170, v52
@00a1                               v172 = sqrt v171
                                    jmp block13

                                block12:
                                    call inst4()
@00a8                               jmp block13

                                block13:
                                    v380 = phi [v172, block11], [v3, block12]
                                    v339 = phi [v159, block11], [v3, block12]
                                    v531 = phi [v527, block11], [v3, block12]
                                    v532 = phi [v528, block11], [v3, block12]
                                    v357 = phi [v6, block11], [v3, block12]
@00ac                               br v18, block14, block15

                                block14:
@00af                               v200 = fmul v75, v59
@ffffff51                           v533 = fmul v466, v59
@ffffff51                           v534 = fmul v467, v59
@ffffff51                           v535 = fadd v534, v75
@00b4                               br v144, block17, block19

                                block17:
@00b6                               v208 = pow v61, v11
@ffffff4a                           v536 = fadd v61, v431
@ffffff4a                           v538 = pow v536, v11
@ffffff4a                           v539 = fdiv v11, v536
@ffffff4a                           v540 = fmul v539, v538
@00b7                               v213 = fdiv v208, v52
@ffffff49                           v541 = fmul v52, v52
@ffffff49                           v542 = fmul v438, v208
@ffffff49                           v543 = fdiv v542, v541
@ffffff49                           v544 = fsub v3, v543
@ffffff49                           v545 = fdiv v540, v52
                                    v214 = fadd v200, v213
                                    v546 = fadd v533, v544
                                    jmp block19

                                block19:
@00bf                               v215 = phi [v200, block14], [v214, block17]
@ffffff41                           v549 = phi [v533, block14], [v546, block17]
@ffffff41                           v551 = phi [v3, block14], [v545, block17]
                                    v230 = fdiv v20, v57
                                    v552 = fmul v57, v57
                                    v553 = fdiv v6, v57
                                    v554 = fmul v445, v20
                                    v555 = fdiv v554, v552
                                    v556 = fsub v553, v555
@00c2                               v231 = fsub v215, v230
@ffffff3e                           v557 = fsub v549, v556
                                    jmp block16

                                block15:
@00c7                               call inst5()
@00cc                               jmp block16

                                block16:
                                    v349 = phi [v3, block15], [v231, block19]
                                    v560 = phi [v3, block15], [v557, block19]
                                    v561 = phi [v3, block15], [v535, block19]
                                    v562 = phi [v3, block15], [v551, block19]
                                    v377 = optbarrier v357
                                    v351 = optbarrier v517
                                    v352 = optbarrier v467
                                    v367 = optbarrier v132
                                    v395 = optbarrier v380
                                    v398 = sqrt v397
                                    v594 = fmul v397, v129
                                    v399 = optbarrier v594
                                    v595 = fmul v397, v121
                                    v400 = optbarrier v595
                                    v401 = fneg v129
                                    v563 = fneg v466
                                    v564 = fneg v521
                                    v402 = fneg v121
                                    v565 = fneg v516
                                    v566 = fneg v517
                                    v404 = fmul v377, v398
                                    v405 = fadd v401, v339
                                    v567 = fadd v563, v531
                                    v406 = fneg v339
                                    v570 = fneg v531
                                    v571 = fneg v532
                                    v598 = fmul v397, v349
                                    v407 = optbarrier v598
                                    v608 = fmul v397, v466
                                    v572 = optbarrier v608
                                    v609 = fmul v397, v516
                                    v573 = optbarrier v609
                                    v606 = fmul v397, v521
                                    v576 = optbarrier v606
                                    v607 = fmul v397, v517
                                    v577 = optbarrier v607
                                    v616 = fmul v397, v570
                                    v578 = optbarrier v616
                                    v617 = fmul v397, v571
                                    v580 = optbarrier v617
                                    v621 = fmul v397, v560
                                    v581 = optbarrier v621
                                    v582 = fneg v561
                                    v618 = fmul v397, v561
                                    v583 = optbarrier v618
                                    v584 = fneg v562
                                    v585 = fadd v582, v562
                                    v628 = fmul v397, v567
                                    v586 = optbarrier v628
                                    v629 = fmul v397, v565
                                    v587 = optbarrier v629
                                    v624 = fmul v397, v564
                                    v590 = optbarrier v624
                                    v625 = fmul v397, v566
                                    v591 = optbarrier v625
                                    v593 = fadd v521, v532
                                    v597 = fmul v397, v406
                                    v596 = optbarrier v597
                                    v600 = fmul v397, v405
                                    v599 = optbarrier v600
                                    v602 = fmul v397, v402
                                    v601 = optbarrier v602
                                    v603 = optbarrier v397
                                    v604 = optbarrier v398
                                    v605 = optbarrier v404
                                    v610 = optbarrier v624
                                    v612 = optbarrier v625
                                    v615 = fmul v397, v532
                                    v614 = optbarrier v615
                                    v620 = fmul v397, v584
                                    v619 = optbarrier v620
                                    v623 = fmul v397, v585
                                    v622 = optbarrier v623
                                    v626 = optbarrier v617
                                    v631 = fmul v397, v593
                                    v630 = optbarrier v631
                                    v632 = optbarrier v607
}
