DaeSystem {
    unknowns: {
        sim_node0: node0,
        sim_node1: node1,
    },
    residual: {
        sim_node0: Residual {
            resist: v31,
            react: v3,
            resist_small_signal: v3,
            react_small_signal: v3,
            resist_lim_rhs: v53,
            react_lim_rhs: v3,
            nature_kind: Flow,
        },
        sim_node1: Residual {
            resist: v59,
            react: v3,
            resist_small_signal: v3,
            react_small_signal: v3,
            resist_lim_rhs: v56,
            react_lim_rhs: v3,
            nature_kind: Flow,
        },
    },
    jacobian: {
        j0: MatrixEntry {
            row: sim_node0,
            col: sim_node0,
            resist: v37,
            react: v3,
        },
        j1: MatrixEntry {
            row: sim_node0,
            col: sim_node1,
            resist: v64,
            react: v3,
        },
        j2: MatrixEntry {
            row: sim_node1,
            col: sim_node0,
            resist: v39,
            react: v3,
        },
        j3: MatrixEntry {
            row: sim_node1,
            col: sim_node1,
            resist: v67,
            react: v3,
        },
    },
    small_signal_parameters: {},
    noise_sources: [],
    model_inputs: [
        (
            0,
            1,
        ),
    ],
    num_resistive: 4,
    num_reactive: 0,
    taylor2: {
        t2_0: Taylor2Entry {
            row: sim_node0,
            col1: 0,
            col2: 0,
            resist: v43,
            react: v3,
        },
        t2_1: Taylor2Entry {
            row: sim_node1,
            col1: 0,
            col2: 0,
            resist: v44,
            react: v3,
        },
    },
    taylor3: {
        t3_0: Taylor3Entry {
            row: sim_node0,
            col1: 0,
            col2: 0,
            col3: 0,
            resist: v48,
            react: v3,
        },
        t3_1: Taylor3Entry {
            row: sim_node1,
            col1: 0,
            col2: 0,
            col3: 0,
            resist: v49,
            react: v3,
        },
    },
}