function %(v16, v19, v20, v21, v25, v33, v44, v120) {
    inst0 = const fn %$limit[Spur(1)](2) -> 1
    inst1 = const fn %$store[lim_state0](1) -> 1
    v3 = fconst 0.0
    v6 = fconst 0x1.0000000000000p0

                                block11:
@0003                               v18 = flt v16, v3
                                    br v18, block2, block3

                                block2:
@0009                               br v21, block5, block7

                                block5:
@0009                               v22 = call inst0(v19, v20)
@0009                               jmp block7

                                block7:
@0009                               v23 = phi [v19, block2], [v22, block5]
@0009                               v24 = call inst1(v23)
                                    jmp block4

                                block3:
@000d                               v26 = fneg v19
@000f                               br v21, block8, block10

                                block8:
@000f                               v27 = call inst0(v26, v20)
@000f                               jmp block10

                                block10:
@000f                               v28 = phi [v26, block3], [v27, block8]
@000f                               v29 = call inst1(v28)
                                    jmp block4

                                block4:
@0015                               v30 = phi [v24, block7], [v29, block10]
@ffffffeb                           v89 = phi [v6, block7], [v3, block10]
@ffffffeb                           v90 = phi [v3, block7], [v6, block10]
@0016                               v31 = exp v30
@0016                               v67 = fmul v89, v31
@0016                               v68 = fmul v90, v31
@0016                               v69 = fmul v67, v89
@0016                               v70 = fmul v68, v89
@0016                               v71 = fmul v67, v90
@0016                               v72 = fmul v68, v90
                                    v32 = fmul v16, v31
                                    v52 = fmul v67, v16
                                    v73 = fmul v69, v16
                                    v74 = fmul v70, v16
                                    v53 = fmul v68, v16
                                    v75 = fmul v71, v16
                                    v76 = fmul v72, v16
                                    v133 = fmul v44, v32
                                    v45 = optbarrier v133
                                    v46 = fneg v32
                                    v54 = fneg v52
                                    v77 = fneg v73
                                    v78 = fneg v74
                                    v55 = fneg v53
                                    v79 = fneg v75
                                    v80 = fneg v76
                                    v57 = fadd v54, v53
                                    v58 = optbarrier v52
                                    v59 = fsub v58, v53
                                    v60 = fneg v54
                                    v61 = fadd v60, v55
                                    v62 = optbarrier v54
                                    v63 = fsub v62, v55
                                    v81 = optbarrier v73
                                    v82 = fsub v81, v74
                                    v106 = fsub v73, v74
                                    v83 = fsub v82, v75
                                    v107 = fsub v106, v75
                                    v84 = fadd v83, v76
                                    v108 = fadd v107, v76
                                    v109 = fmul v89, v108
                                    v110 = fmul v90, v108
                                    v85 = optbarrier v77
                                    v86 = fsub v85, v78
                                    v111 = fsub v77, v78
                                    v87 = fsub v86, v79
                                    v112 = fsub v111, v79
                                    v88 = fadd v87, v80
                                    v113 = fadd v112, v80
                                    v114 = fmul v89, v113
                                    v115 = fmul v90, v113
                                    v116 = optbarrier v109
                                    v117 = fsub v116, v110
                                    v118 = optbarrier v114
                                    v119 = fsub v118, v115
                                    v121 = fsub v120, v19
                                    v122 = fmul v52, v121
                                    v123 = optbarrier v122
                                    v124 = fadd v120, v19
                                    v125 = fmul v53, v124
                                    v126 = fadd v123, v125
                                    v128 = fmul v54, v121
                                    v129 = optbarrier v128
                                    v131 = fmul v55, v124
                                    v132 = fadd v129, v131
                                    v135 = fmul v44, v126
                                    v134 = optbarrier v135
                                    v137 = fmul v44, v46
                                    v136 = optbarrier v137
                                    v139 = fmul v44, v132
                                    v138 = optbarrier v139
                                    v140 = optbarrier v44
                                    v142 = fmul v44, v57
                                    v141 = optbarrier v142
                                    v144 = fmul v44, v59
                                    v143 = optbarrier v144
                                    v146 = fmul v44, v61
                                    v145 = optbarrier v146
                                    v148 = fmul v44, v63
                                    v147 = optbarrier v148
                                    v150 = fmul v44, v84
                                    v149 = optbarrier v150
                                    v152 = fmul v44, v88
                                    v151 = optbarrier v152
                                    v154 = fmul v44, v117
                                    v153 = optbarrier v154
                                    v156 = fmul v44, v119
                                    v155 = optbarrier v156
}
