function %(v16, v17, v18, v19, v25, v30, v40) {
    inst0 = const fn %$limit[Spur(1)](2) -> 1
    inst1 = const fn %$store[lim_state0](1) -> 1

                                block5:
@0009                               br v19, block2, block4

                                block2:
@0009                               v20 = call inst0(v17, v18)
@0009                               jmp block4

                                block4:
@0009                               v21 = phi [v20, block2], [v17, block5]
@0009                               v22 = call inst1(v21)
@000a                               v23 = exp v22
@000b                               v24 = fmul v16, v23
                                    v47 = fmul v30, v24
                                    v31 = optbarrier v47
                                    v32 = fneg v24
                                    v37 = optbarrier v47
                                    v56 = fmul v30, v32
                                    v39 = optbarrier v56
                                    v41 = fsub v40, v17
                                    v42 = fmul v24, v41
                                    v48 = fmul v30, v42
                                    v43 = optbarrier v48
                                    v45 = fmul v32, v41
                                    v51 = fmul v30, v45
                                    v46 = optbarrier v51
                                    v49 = optbarrier v56
                                    v52 = optbarrier v30
                                    v54 = optbarrier v56
                                    v57 = optbarrier v47
}
