function %(v16, v17, v18, v19, v20, v22, v25, v28) {
    v6 = fconst 0x1.0000000000000p0
                                block2:
@0008                               v21 = fdiv v19, v20
@000a                               v23 = pow v21, v22
@000b                               v24 = fmul v18, v23
@0010                               v26 = fdiv v16, v24
@fffffff0                           v31 = fdiv v6, v24
                                    v37 = fmul v28, v26
                                    v29 = optbarrier v37
                                    v30 = fneg v26
                                    v32 = fneg v31
                                    v41 = fmul v28, v31
                                    v34 = optbarrier v41
                                    v35 = fneg v32
                                    v44 = fmul v28, v32
                                    v36 = optbarrier v44
                                    v39 = fmul v28, v30
                                    v38 = optbarrier v39
                                    v40 = optbarrier v28
                                    v42 = optbarrier v44
                                    v46 = fmul v28, v35
                                    v45 = optbarrier v46
}
