DaeSystem {
    unknowns: {
        sim_node0: node0,
        sim_node1: node1,
        sim_node2: node2,
        sim_node3: br[Branch(BranchId(0))],
        sim_node4: br[Unnamed { hi: node1, lo: None }],
    },
    residual: {
        sim_node0: Residual {
            resist: v28,
            react: v3,
            resist_small_signal: v3,
            react_small_signal: v3,
            resist_lim_rhs: v3,
            react_lim_rhs: v3,
            nature_kind: Flow,
        },
        sim_node1: Residual {
            resist: v33,
            react: v3,
            resist_small_signal: v3,
            react_small_signal: v3,
            resist_lim_rhs: v3,
            react_lim_rhs: v3,
            nature_kind: Flow,
        },
        sim_node2: Residual {
            resist: v52,
            react: v3,
            resist_small_signal: v3,
            react_small_signal: v3,
            resist_lim_rhs: v3,
            react_lim_rhs: v3,
            nature_kind: Flow,
        },
        sim_node3: Residual {
            resist: v54,
            react: v3,
            resist_small_signal: v3,
            react_small_signal: v3,
            resist_lim_rhs: v3,
            react_lim_rhs: v3,
            nature_kind: Potential,
        },
        sim_node4: Residual {
            resist: v55,
            react: v3,
            resist_small_signal: v3,
            react_small_signal: v3,
            resist_lim_rhs: v3,
            react_lim_rhs: v3,
            nature_kind: Potential,
        },
    },
    jacobian: {
        j0: MatrixEntry {
            row: sim_node0,
            col: sim_node3,
            resist: v26,
            react: v3,
        },
        j1: MatrixEntry {
            row: sim_node1,
            col: sim_node4,
            resist: v26,
            react: v3,
        },
        j2: MatrixEntry {
            row: sim_node2,
            col: sim_node2,
            resist: v44,
            react: v3,
        },
        j3: MatrixEntry {
            row: sim_node2,
            col: sim_node3,
            resist: v45,
            react: v3,
        },
        j4: MatrixEntry {
            row: sim_node3,
            col: sim_node0,
            resist: v7,
            react: v3,
        },
        j5: MatrixEntry {
            row: sim_node3,
            col: sim_node2,
            resist: v6,
            react: v3,
        },
        j6: MatrixEntry {
            row: sim_node4,
            col: sim_node1,
            resist: v7,
            react: v3,
        },
        j7: MatrixEntry {
            row: sim_node4,
            col: sim_node3,
            resist: v18,
            react: v3,
        },
    },
    small_signal_parameters: {},
    noise_sources: [],
    model_inputs: [
        (
            0,
            2,
        ),
        (
            3,
            4294967295,
        ),
        (
            4,
            4294967295,
        ),
    ],
    num_resistive: 8,
    num_reactive: 0,
    taylor2: {},
    taylor3: {},
}